Archive member included to satisfy reference by file (symbol)

C:/tools/arm-gnu-toolchain/bin/../lib/gcc/arm-none-eabi/15.2.1/../../../../arm-none-eabi/lib/thumb/v7e-m+fp/hard\libg_nano.a(libc_a-exit.o)
                              C:/tools/arm-gnu-toolchain/bin/../lib/gcc/arm-none-eabi/15.2.1/../../../../arm-none-eabi/lib/thumb/v7e-m+fp/hard/crt0.o (exit)
C:/tools/arm-gnu-toolchain/bin/../lib/gcc/arm-none-eabi/15.2.1/../../../../arm-none-eabi/lib/thumb/v7e-m+fp/hard\libg_nano.a(libc_a-findfp.o)
                              C:/tools/arm-gnu-toolchain/bin/../lib/gcc/arm-none-eabi/15.2.1/../../../../arm-none-eabi/lib/thumb/v7e-m+fp/hard\libg_nano.a(libc_a-exit.o) (__stdio_exit_handler)
C:/tools/arm-gnu-toolchain/bin/../lib/gcc/arm-none-eabi/15.2.1/../../../../arm-none-eabi/lib/thumb/v7e-m+fp/hard\libg_nano.a(libc_a-fwalk.o)
                              C:/tools/arm-gnu-toolchain/bin/../lib/gcc/arm-none-eabi/15.2.1/../../../../arm-none-eabi/lib/thumb/v7e-m+fp/hard\libg_nano.a(libc_a-findfp.o) (_fwalk_sglue)
C:/tools/arm-gnu-toolchain/bin/../lib/gcc/arm-none-eabi/15.2.1/../../../../arm-none-eabi/lib/thumb/v7e-m+fp/hard\libg_nano.a(libc_a-stdio.o)
                              C:/tools/arm-gnu-toolchain/bin/../lib/gcc/arm-none-eabi/15.2.1/../../../../arm-none-eabi/lib/thumb/v7e-m+fp/hard\libg_nano.a(libc_a-findfp.o) (__sread)
C:/tools/arm-gnu-toolchain/bin/../lib/gcc/arm-none-eabi/15.2.1/../../../../arm-none-eabi/lib/thumb/v7e-m+fp/hard\libg_nano.a(libc_a-memset.o)
                              C:/tools/arm-gnu-toolchain/bin/../lib/gcc/arm-none-eabi/15.2.1/../../../../arm-none-eabi/lib/thumb/v7e-m+fp/hard/crt0.o (memset)
C:/tools/arm-gnu-toolchain/bin/../lib/gcc/arm-none-eabi/15.2.1/../../../../arm-none-eabi/lib/thumb/v7e-m+fp/hard\libg_nano.a(libc_a-closer.o)
                              C:/tools/arm-gnu-toolchain/bin/../lib/gcc/arm-none-eabi/15.2.1/../../../../arm-none-eabi/lib/thumb/v7e-m+fp/hard\libg_nano.a(libc_a-stdio.o) (_close_r)
C:/tools/arm-gnu-toolchain/bin/../lib/gcc/arm-none-eabi/15.2.1/../../../../arm-none-eabi/lib/thumb/v7e-m+fp/hard\libg_nano.a(libc_a-reent.o)
                              C:/tools/arm-gnu-toolchain/bin/../lib/gcc/arm-none-eabi/15.2.1/../../../../arm-none-eabi/lib/thumb/v7e-m+fp/hard\libg_nano.a(libc_a-closer.o) (errno)
C:/tools/arm-gnu-toolchain/bin/../lib/gcc/arm-none-eabi/15.2.1/../../../../arm-none-eabi/lib/thumb/v7e-m+fp/hard\libg_nano.a(libc_a-impure.o)
                              C:/tools/arm-gnu-toolchain/bin/../lib/gcc/arm-none-eabi/15.2.1/../../../../arm-none-eabi/lib/thumb/v7e-m+fp/hard\libg_nano.a(libc_a-reent.o) (_impure_ptr)
C:/tools/arm-gnu-toolchain/bin/../lib/gcc/arm-none-eabi/15.2.1/../../../../arm-none-eabi/lib/thumb/v7e-m+fp/hard\libg_nano.a(libc_a-lseekr.o)
                              C:/tools/arm-gnu-toolchain/bin/../lib/gcc/arm-none-eabi/15.2.1/../../../../arm-none-eabi/lib/thumb/v7e-m+fp/hard\libg_nano.a(libc_a-stdio.o) (_lseek_r)
C:/tools/arm-gnu-toolchain/bin/../lib/gcc/arm-none-eabi/15.2.1/../../../../arm-none-eabi/lib/thumb/v7e-m+fp/hard\libg_nano.a(libc_a-readr.o)
                              C:/tools/arm-gnu-toolchain/bin/../lib/gcc/arm-none-eabi/15.2.1/../../../../arm-none-eabi/lib/thumb/v7e-m+fp/hard\libg_nano.a(libc_a-stdio.o) (_read_r)
C:/tools/arm-gnu-toolchain/bin/../lib/gcc/arm-none-eabi/15.2.1/../../../../arm-none-eabi/lib/thumb/v7e-m+fp/hard\libg_nano.a(libc_a-writer.o)
                              C:/tools/arm-gnu-toolchain/bin/../lib/gcc/arm-none-eabi/15.2.1/../../../../arm-none-eabi/lib/thumb/v7e-m+fp/hard\libg_nano.a(libc_a-stdio.o) (_write_r)
C:/tools/arm-gnu-toolchain/bin/../lib/gcc/arm-none-eabi/15.2.1/../../../../arm-none-eabi/lib/thumb/v7e-m+fp/hard\libg_nano.a(libc_a-init.o)
                              C:/tools/arm-gnu-toolchain/bin/../lib/gcc/arm-none-eabi/15.2.1/../../../../arm-none-eabi/lib/thumb/v7e-m+fp/hard/crt0.o (__libc_init_array)
C:/tools/arm-gnu-toolchain/bin/../lib/gcc/arm-none-eabi/15.2.1/../../../../arm-none-eabi/lib/thumb/v7e-m+fp/hard\libg_nano.a(libc_a-lock.o)
                              C:/tools/arm-gnu-toolchain/bin/../lib/gcc/arm-none-eabi/15.2.1/../../../../arm-none-eabi/lib/thumb/v7e-m+fp/hard\libg_nano.a(libc_a-findfp.o) (__retarget_lock_init_recursive)
C:/tools/arm-gnu-toolchain/bin/../lib/gcc/arm-none-eabi/15.2.1/../../../../arm-none-eabi/lib/thumb/v7e-m+fp/hard\libg_nano.a(libc_a-freer.o)
                              C:/tools/arm-gnu-toolchain/bin/../lib/gcc/arm-none-eabi/15.2.1/../../../../arm-none-eabi/lib/thumb/v7e-m+fp/hard\libg_nano.a(libc_a-reent.o) (_free_r)
C:/tools/arm-gnu-toolchain/bin/../lib/gcc/arm-none-eabi/15.2.1/../../../../arm-none-eabi/lib/thumb/v7e-m+fp/hard\libg_nano.a(libc_a-mallocr.o)
                              C:/tools/arm-gnu-toolchain/bin/../lib/gcc/arm-none-eabi/15.2.1/../../../../arm-none-eabi/lib/thumb/v7e-m+fp/hard\libg_nano.a(libc_a-findfp.o) (_malloc_r)
C:/tools/arm-gnu-toolchain/bin/../lib/gcc/arm-none-eabi/15.2.1/../../../../arm-none-eabi/lib/thumb/v7e-m+fp/hard\libg_nano.a(libc_a-mlock.o)
                              C:/tools/arm-gnu-toolchain/bin/../lib/gcc/arm-none-eabi/15.2.1/../../../../arm-none-eabi/lib/thumb/v7e-m+fp/hard\libg_nano.a(libc_a-freer.o) (__malloc_lock)
C:/tools/arm-gnu-toolchain/bin/../lib/gcc/arm-none-eabi/15.2.1/../../../../arm-none-eabi/lib/thumb/v7e-m+fp/hard\libg_nano.a(libc_a-fflush.o)
                              C:/tools/arm-gnu-toolchain/bin/../lib/gcc/arm-none-eabi/15.2.1/../../../../arm-none-eabi/lib/thumb/v7e-m+fp/hard\libg_nano.a(libc_a-findfp.o) (_fflush_r)
C:/tools/arm-gnu-toolchain/bin/../lib/gcc/arm-none-eabi/15.2.1/../../../../arm-none-eabi/lib/thumb/v7e-m+fp/hard\libg_nano.a(libc_a-sbrkr.o)
                              C:/tools/arm-gnu-toolchain/bin/../lib/gcc/arm-none-eabi/15.2.1/../../../../arm-none-eabi/lib/thumb/v7e-m+fp/hard\libg_nano.a(libc_a-mallocr.o) (_sbrk_r)
C:/tools/arm-gnu-toolchain/bin/../lib/gcc/arm-none-eabi/15.2.1/../../../../arm-none-eabi/lib/thumb/v7e-m+fp/hard\libnosys.a(close.o)
                              C:/tools/arm-gnu-toolchain/bin/../lib/gcc/arm-none-eabi/15.2.1/../../../../arm-none-eabi/lib/thumb/v7e-m+fp/hard\libg_nano.a(libc_a-closer.o) (_close)
C:/tools/arm-gnu-toolchain/bin/../lib/gcc/arm-none-eabi/15.2.1/../../../../arm-none-eabi/lib/thumb/v7e-m+fp/hard\libnosys.a(lseek.o)
                              C:/tools/arm-gnu-toolchain/bin/../lib/gcc/arm-none-eabi/15.2.1/../../../../arm-none-eabi/lib/thumb/v7e-m+fp/hard\libg_nano.a(libc_a-lseekr.o) (_lseek)
C:/tools/arm-gnu-toolchain/bin/../lib/gcc/arm-none-eabi/15.2.1/../../../../arm-none-eabi/lib/thumb/v7e-m+fp/hard\libnosys.a(read.o)
                              C:/tools/arm-gnu-toolchain/bin/../lib/gcc/arm-none-eabi/15.2.1/../../../../arm-none-eabi/lib/thumb/v7e-m+fp/hard\libg_nano.a(libc_a-readr.o) (_read)
C:/tools/arm-gnu-toolchain/bin/../lib/gcc/arm-none-eabi/15.2.1/../../../../arm-none-eabi/lib/thumb/v7e-m+fp/hard\libnosys.a(sbrk.o)
                              C:/tools/arm-gnu-toolchain/bin/../lib/gcc/arm-none-eabi/15.2.1/../../../../arm-none-eabi/lib/thumb/v7e-m+fp/hard\libg_nano.a(libc_a-sbrkr.o) (_sbrk)
C:/tools/arm-gnu-toolchain/bin/../lib/gcc/arm-none-eabi/15.2.1/../../../../arm-none-eabi/lib/thumb/v7e-m+fp/hard\libnosys.a(write.o)
                              C:/tools/arm-gnu-toolchain/bin/../lib/gcc/arm-none-eabi/15.2.1/../../../../arm-none-eabi/lib/thumb/v7e-m+fp/hard\libg_nano.a(libc_a-writer.o) (_write)
C:/tools/arm-gnu-toolchain/bin/../lib/gcc/arm-none-eabi/15.2.1/../../../../arm-none-eabi/lib/thumb/v7e-m+fp/hard\libnosys.a(_exit.o)
                              C:/tools/arm-gnu-toolchain/bin/../lib/gcc/arm-none-eabi/15.2.1/../../../../arm-none-eabi/lib/thumb/v7e-m+fp/hard\libg_nano.a(libc_a-exit.o) (_exit)

Discarded input sections

 .text          0x00000000        0x0 C:/tools/arm-gnu-toolchain/bin/../lib/gcc/arm-none-eabi/15.2.1/thumb/v7e-m+fp/hard/crti.o
 .data          0x00000000        0x0 C:/tools/arm-gnu-toolchain/bin/../lib/gcc/arm-none-eabi/15.2.1/thumb/v7e-m+fp/hard/crti.o
 .bss           0x00000000        0x0 C:/tools/arm-gnu-toolchain/bin/../lib/gcc/arm-none-eabi/15.2.1/thumb/v7e-m+fp/hard/crti.o
 .text          0x00000000        0x0 C:/tools/arm-gnu-toolchain/bin/../lib/gcc/arm-none-eabi/15.2.1/thumb/v7e-m+fp/hard/crtbegin.o
 .data          0x00000000        0x0 C:/tools/arm-gnu-toolchain/bin/../lib/gcc/arm-none-eabi/15.2.1/thumb/v7e-m+fp/hard/crtbegin.o
 .bss           0x00000000        0x0 C:/tools/arm-gnu-toolchain/bin/../lib/gcc/arm-none-eabi/15.2.1/thumb/v7e-m+fp/hard/crtbegin.o
 .rodata.all_implied_fbits
                0x00000000       0x24 C:/tools/arm-gnu-toolchain/bin/../lib/gcc/arm-none-eabi/15.2.1/thumb/v7e-m+fp/hard/crtbegin.o
 .data.__dso_handle
                0x00000000        0x4 C:/tools/arm-gnu-toolchain/bin/../lib/gcc/arm-none-eabi/15.2.1/thumb/v7e-m+fp/hard/crtbegin.o
 .text          0x00000000       0x7c C:/tools/arm-gnu-toolchain/bin/../lib/gcc/arm-none-eabi/15.2.1/../../../../arm-none-eabi/lib/thumb/v7e-m+fp/hard/crt0.o
 .data          0x00000000        0x0 C:/tools/arm-gnu-toolchain/bin/../lib/gcc/arm-none-eabi/15.2.1/../../../../arm-none-eabi/lib/thumb/v7e-m+fp/hard/crt0.o
 .bss           0x00000000        0x0 C:/tools/arm-gnu-toolchain/bin/../lib/gcc/arm-none-eabi/15.2.1/../../../../arm-none-eabi/lib/thumb/v7e-m+fp/hard/crt0.o
 .ARM.extab     0x00000000        0x0 C:/tools/arm-gnu-toolchain/bin/../lib/gcc/arm-none-eabi/15.2.1/../../../../arm-none-eabi/lib/thumb/v7e-m+fp/hard/crt0.o
 .ARM.exidx     0x00000000       0x10 C:/tools/arm-gnu-toolchain/bin/../lib/gcc/arm-none-eabi/15.2.1/../../../../arm-none-eabi/lib/thumb/v7e-m+fp/hard/crt0.o
 .debug_line_str
                0x00000000       0xda C:/tools/arm-gnu-toolchain/bin/../lib/gcc/arm-none-eabi/15.2.1/../../../../arm-none-eabi/lib/thumb/v7e-m+fp/hard/crt0.o
 .ARM.attributes
                0x00000000       0x20 C:/tools/arm-gnu-toolchain/bin/../lib/gcc/arm-none-eabi/15.2.1/../../../../arm-none-eabi/lib/thumb/v7e-m+fp/hard/crt0.o
 .group         0x00000000        0xc CMakeFiles/firmware.elf.dir/Src/main.c.obj
 .group         0x00000000        0xc CMakeFiles/firmware.elf.dir/Src/main.c.obj
 .group         0x00000000        0xc CMakeFiles/firmware.elf.dir/Src/main.c.obj
 .group         0x00000000        0xc CMakeFiles/firmware.elf.dir/Src/main.c.obj
 .group         0x00000000        0xc CMakeFiles/firmware.elf.dir/Src/main.c.obj
 .group         0x00000000        0xc CMakeFiles/firmware.elf.dir/Src/main.c.obj
 .group         0x00000000        0xc CMakeFiles/firmware.elf.dir/Src/main.c.obj
 .group         0x00000000        0xc CMakeFiles/firmware.elf.dir/Src/main.c.obj
 .group         0x00000000        0xc CMakeFiles/firmware.elf.dir/Src/main.c.obj
 .group         0x00000000        0xc CMakeFiles/firmware.elf.dir/Src/main.c.obj
 .group         0x00000000        0xc CMakeFiles/firmware.elf.dir/Src/main.c.obj
 .group         0x00000000        0xc CMakeFiles/firmware.elf.dir/Src/main.c.obj
 .group         0x00000000        0xc CMakeFiles/firmware.elf.dir/Src/main.c.obj
 .group         0x00000000        0xc CMakeFiles/firmware.elf.dir/Src/main.c.obj
 .text          0x00000000        0x0 CMakeFiles/firmware.elf.dir/Src/main.c.obj
 .data          0x00000000        0x0 CMakeFiles/firmware.elf.dir/Src/main.c.obj
 .bss           0x00000000        0x0 CMakeFiles/firmware.elf.dir/Src/main.c.obj
 .text.delay    0x00000000       0x20 CMakeFiles/firmware.elf.dir/Src/main.c.obj
 .group         0x00000000        0xc CMakeFiles/firmware.elf.dir/Src/gpio.c.obj
 .group         0x00000000        0xc CMakeFiles/firmware.elf.dir/Src/gpio.c.obj
 .group         0x00000000        0xc CMakeFiles/firmware.elf.dir/Src/gpio.c.obj
 .group         0x00000000        0xc CMakeFiles/firmware.elf.dir/Src/gpio.c.obj
 .group         0x00000000        0xc CMakeFiles/firmware.elf.dir/Src/gpio.c.obj
 .group         0x00000000        0xc CMakeFiles/firmware.elf.dir/Src/gpio.c.obj
 .group         0x00000000        0xc CMakeFiles/firmware.elf.dir/Src/gpio.c.obj
 .group         0x00000000        0xc CMakeFiles/firmware.elf.dir/Src/gpio.c.obj
 .group         0x00000000        0xc CMakeFiles/firmware.elf.dir/Src/gpio.c.obj
 .group         0x00000000        0xc CMakeFiles/firmware.elf.dir/Src/gpio.c.obj
 .group         0x00000000        0xc CMakeFiles/firmware.elf.dir/Src/gpio.c.obj
 .group         0x00000000        0xc CMakeFiles/firmware.elf.dir/Src/gpio.c.obj
 .group         0x00000000        0xc CMakeFiles/firmware.elf.dir/Src/gpio.c.obj
 .group         0x00000000        0xc CMakeFiles/firmware.elf.dir/Src/gpio.c.obj
 .text          0x00000000        0x0 CMakeFiles/firmware.elf.dir/Src/gpio.c.obj
 .data          0x00000000        0x0 CMakeFiles/firmware.elf.dir/Src/gpio.c.obj
 .bss           0x00000000        0x0 CMakeFiles/firmware.elf.dir/Src/gpio.c.obj
 .text.gpio_write_pin
                0x00000000       0x38 CMakeFiles/firmware.elf.dir/Src/gpio.c.obj
 .debug_macro   0x00000000      0xade CMakeFiles/firmware.elf.dir/Src/gpio.c.obj
 .debug_macro   0x00000000       0x28 CMakeFiles/firmware.elf.dir/Src/gpio.c.obj
 .debug_macro   0x00000000       0x22 CMakeFiles/firmware.elf.dir/Src/gpio.c.obj
 .debug_macro   0x00000000       0x8e CMakeFiles/firmware.elf.dir/Src/gpio.c.obj
 .debug_macro   0x00000000       0x51 CMakeFiles/firmware.elf.dir/Src/gpio.c.obj
 .debug_macro   0x00000000      0x103 CMakeFiles/firmware.elf.dir/Src/gpio.c.obj
 .debug_macro   0x00000000       0x6a CMakeFiles/firmware.elf.dir/Src/gpio.c.obj
 .debug_macro   0x00000000      0x1df CMakeFiles/firmware.elf.dir/Src/gpio.c.obj
 .debug_macro   0x00000000       0x1c CMakeFiles/firmware.elf.dir/Src/gpio.c.obj
 .debug_macro   0x00000000       0x22 CMakeFiles/firmware.elf.dir/Src/gpio.c.obj
 .debug_macro   0x00000000      0x107 CMakeFiles/firmware.elf.dir/Src/gpio.c.obj
 .debug_macro   0x00000000     0x1057 CMakeFiles/firmware.elf.dir/Src/gpio.c.obj
 .debug_macro   0x00000000      0x11f CMakeFiles/firmware.elf.dir/Src/gpio.c.obj
 .debug_macro   0x00000000    0x1a17a CMakeFiles/firmware.elf.dir/Src/gpio.c.obj
 .group         0x00000000        0xc CMakeFiles/firmware.elf.dir/Src/systick.c.obj
 .group         0x00000000        0xc CMakeFiles/firmware.elf.dir/Src/systick.c.obj
 .group         0x00000000        0xc CMakeFiles/firmware.elf.dir/Src/systick.c.obj
 .group         0x00000000        0xc CMakeFiles/firmware.elf.dir/Src/systick.c.obj
 .group         0x00000000        0xc CMakeFiles/firmware.elf.dir/Src/systick.c.obj
 .group         0x00000000        0xc CMakeFiles/firmware.elf.dir/Src/systick.c.obj
 .group         0x00000000        0xc CMakeFiles/firmware.elf.dir/Src/systick.c.obj
 .group         0x00000000        0xc CMakeFiles/firmware.elf.dir/Src/systick.c.obj
 .group         0x00000000        0xc CMakeFiles/firmware.elf.dir/Src/systick.c.obj
 .group         0x00000000        0xc CMakeFiles/firmware.elf.dir/Src/systick.c.obj
 .group         0x00000000        0xc CMakeFiles/firmware.elf.dir/Src/systick.c.obj
 .group         0x00000000        0xc CMakeFiles/firmware.elf.dir/Src/systick.c.obj
 .group         0x00000000        0xc CMakeFiles/firmware.elf.dir/Src/systick.c.obj
 .group         0x00000000        0xc CMakeFiles/firmware.elf.dir/Src/systick.c.obj
 .text          0x00000000        0x0 CMakeFiles/firmware.elf.dir/Src/systick.c.obj
 .data          0x00000000        0x0 CMakeFiles/firmware.elf.dir/Src/systick.c.obj
 .bss           0x00000000        0x0 CMakeFiles/firmware.elf.dir/Src/systick.c.obj
 .text.get_ticks
                0x00000000       0x14 CMakeFiles/firmware.elf.dir/Src/systick.c.obj
 .text.elapsed_ms
                0x00000000       0x20 CMakeFiles/firmware.elf.dir/Src/systick.c.obj
 .debug_macro   0x00000000      0xade CMakeFiles/firmware.elf.dir/Src/systick.c.obj
 .debug_macro   0x00000000       0x22 CMakeFiles/firmware.elf.dir/Src/systick.c.obj
 .debug_macro   0x00000000       0x8e CMakeFiles/firmware.elf.dir/Src/systick.c.obj
 .debug_macro   0x00000000       0x51 CMakeFiles/firmware.elf.dir/Src/systick.c.obj
 .debug_macro   0x00000000      0x103 CMakeFiles/firmware.elf.dir/Src/systick.c.obj
 .debug_macro   0x00000000       0x6a CMakeFiles/firmware.elf.dir/Src/systick.c.obj
 .debug_macro   0x00000000      0x1df CMakeFiles/firmware.elf.dir/Src/systick.c.obj
 .debug_macro   0x00000000       0x28 CMakeFiles/firmware.elf.dir/Src/systick.c.obj
 .debug_macro   0x00000000       0x1c CMakeFiles/firmware.elf.dir/Src/systick.c.obj
 .debug_macro   0x00000000       0x22 CMakeFiles/firmware.elf.dir/Src/systick.c.obj
 .debug_macro   0x00000000      0x107 CMakeFiles/firmware.elf.dir/Src/systick.c.obj
 .debug_macro   0x00000000     0x1057 CMakeFiles/firmware.elf.dir/Src/systick.c.obj
 .debug_macro   0x00000000      0x11f CMakeFiles/firmware.elf.dir/Src/systick.c.obj
 .debug_macro   0x00000000    0x1a17a CMakeFiles/firmware.elf.dir/Src/systick.c.obj
 .group         0x00000000        0xc CMakeFiles/firmware.elf.dir/Src/uart.c.obj
 .group         0x00000000        0xc CMakeFiles/firmware.elf.dir/Src/uart.c.obj
 .group         0x00000000        0xc CMakeFiles/firmware.elf.dir/Src/uart.c.obj
 .group         0x00000000        0xc CMakeFiles/firmware.elf.dir/Src/uart.c.obj
 .group         0x00000000        0xc CMakeFiles/firmware.elf.dir/Src/uart.c.obj
 .group         0x00000000        0xc CMakeFiles/firmware.elf.dir/Src/uart.c.obj
 .group         0x00000000        0xc CMakeFiles/firmware.elf.dir/Src/uart.c.obj
 .group         0x00000000        0xc CMakeFiles/firmware.elf.dir/Src/uart.c.obj
 .group         0x00000000        0xc CMakeFiles/firmware.elf.dir/Src/uart.c.obj
 .group         0x00000000        0xc CMakeFiles/firmware.elf.dir/Src/uart.c.obj
 .group         0x00000000        0xc CMakeFiles/firmware.elf.dir/Src/uart.c.obj
 .group         0x00000000        0xc CMakeFiles/firmware.elf.dir/Src/uart.c.obj
 .group         0x00000000        0xc CMakeFiles/firmware.elf.dir/Src/uart.c.obj
 .group         0x00000000        0xc CMakeFiles/firmware.elf.dir/Src/uart.c.obj
 .text          0x00000000        0x0 CMakeFiles/firmware.elf.dir/Src/uart.c.obj
 .data          0x00000000        0x0 CMakeFiles/firmware.elf.dir/Src/uart.c.obj
 .bss           0x00000000        0x0 CMakeFiles/firmware.elf.dir/Src/uart.c.obj
 .debug_macro   0x00000000      0xade CMakeFiles/firmware.elf.dir/Src/uart.c.obj
 .debug_macro   0x00000000       0x28 CMakeFiles/firmware.elf.dir/Src/uart.c.obj
 .debug_macro   0x00000000       0x22 CMakeFiles/firmware.elf.dir/Src/uart.c.obj
 .debug_macro   0x00000000       0x8e CMakeFiles/firmware.elf.dir/Src/uart.c.obj
 .debug_macro   0x00000000       0x51 CMakeFiles/firmware.elf.dir/Src/uart.c.obj
 .debug_macro   0x00000000      0x103 CMakeFiles/firmware.elf.dir/Src/uart.c.obj
 .debug_macro   0x00000000       0x6a CMakeFiles/firmware.elf.dir/Src/uart.c.obj
 .debug_macro   0x00000000      0x1df CMakeFiles/firmware.elf.dir/Src/uart.c.obj
 .debug_macro   0x00000000       0x1c CMakeFiles/firmware.elf.dir/Src/uart.c.obj
 .debug_macro   0x00000000       0x22 CMakeFiles/firmware.elf.dir/Src/uart.c.obj
 .debug_macro   0x00000000      0x107 CMakeFiles/firmware.elf.dir/Src/uart.c.obj
 .debug_macro   0x00000000     0x1057 CMakeFiles/firmware.elf.dir/Src/uart.c.obj
 .debug_macro   0x00000000      0x11f CMakeFiles/firmware.elf.dir/Src/uart.c.obj
 .debug_macro   0x00000000    0x1a17a CMakeFiles/firmware.elf.dir/Src/uart.c.obj
 .text          0x00000000       0x14 CMakeFiles/firmware.elf.dir/Drivers/CMSIS/Device/ST/STM32L4xx/Source/Templates/gcc/startup_stm32l476xx.s.obj
 .data          0x00000000        0x0 CMakeFiles/firmware.elf.dir/Drivers/CMSIS/Device/ST/STM32L4xx/Source/Templates/gcc/startup_stm32l476xx.s.obj
 .bss           0x00000000        0x0 CMakeFiles/firmware.elf.dir/Drivers/CMSIS/Device/ST/STM32L4xx/Source/Templates/gcc/startup_stm32l476xx.s.obj
 .text          0x00000000        0x0 C:/tools/arm-gnu-toolchain/bin/../lib/gcc/arm-none-eabi/15.2.1/../../../../arm-none-eabi/lib/thumb/v7e-m+fp/hard\libg_nano.a(libc_a-exit.o)
 .data          0x00000000        0x0 C:/tools/arm-gnu-toolchain/bin/../lib/gcc/arm-none-eabi/15.2.1/../../../../arm-none-eabi/lib/thumb/v7e-m+fp/hard\libg_nano.a(libc_a-exit.o)
 .bss           0x00000000        0x0 C:/tools/arm-gnu-toolchain/bin/../lib/gcc/arm-none-eabi/15.2.1/../../../../arm-none-eabi/lib/thumb/v7e-m+fp/hard\libg_nano.a(libc_a-exit.o)
 .text.exit     0x00000000       0x24 C:/tools/arm-gnu-toolchain/bin/../lib/gcc/arm-none-eabi/15.2.1/../../../../arm-none-eabi/lib/thumb/v7e-m+fp/hard\libg_nano.a(libc_a-exit.o)
 .debug_frame   0x00000000       0x28 C:/tools/arm-gnu-toolchain/bin/../lib/gcc/arm-none-eabi/15.2.1/../../../../arm-none-eabi/lib/thumb/v7e-m+fp/hard\libg_nano.a(libc_a-exit.o)
 .ARM.attributes
                0x00000000       0x34 C:/tools/arm-gnu-toolchain/bin/../lib/gcc/arm-none-eabi/15.2.1/../../../../arm-none-eabi/lib/thumb/v7e-m+fp/hard\libg_nano.a(libc_a-exit.o)
 .text          0x00000000        0x0 C:/tools/arm-gnu-toolchain/bin/../lib/gcc/arm-none-eabi/15.2.1/../../../../arm-none-eabi/lib/thumb/v7e-m+fp/hard\libg_nano.a(libc_a-findfp.o)
 .data          0x00000000        0x0 C:/tools/arm-gnu-toolchain/bin/../lib/gcc/arm-none-eabi/15.2.1/../../../../arm-none-eabi/lib/thumb/v7e-m+fp/hard\libg_nano.a(libc_a-findfp.o)
 .bss           0x00000000        0x0 C:/tools/arm-gnu-toolchain/bin/../lib/gcc/arm-none-eabi/15.2.1/../../../../arm-none-eabi/lib/thumb/v7e-m+fp/hard\libg_nano.a(libc_a-findfp.o)
 .text.std      0x00000000       0x6c C:/tools/arm-gnu-toolchain/bin/../lib/gcc/arm-none-eabi/15.2.1/../../../../arm-none-eabi/lib/thumb/v7e-m+fp/hard\libg_nano.a(libc_a-findfp.o)
 .text.stdio_exit_handler
                0x00000000       0x18 C:/tools/arm-gnu-toolchain/bin/../lib/gcc/arm-none-eabi/15.2.1/../../../../arm-none-eabi/lib/thumb/v7e-m+fp/hard\libg_nano.a(libc_a-findfp.o)
 .text.cleanup_stdio
                0x00000000       0x40 C:/tools/arm-gnu-toolchain/bin/../lib/gcc/arm-none-eabi/15.2.1/../../../../arm-none-eabi/lib/thumb/v7e-m+fp/hard\libg_nano.a(libc_a-findfp.o)
 .text.__fp_lock
                0x00000000       0x18 C:/tools/arm-gnu-toolchain/bin/../lib/gcc/arm-none-eabi/15.2.1/../../../../arm-none-eabi/lib/thumb/v7e-m+fp/hard\libg_nano.a(libc_a-findfp.o)
 .text.__fp_unlock
                0x00000000       0x18 C:/tools/arm-gnu-toolchain/bin/../lib/gcc/arm-none-eabi/15.2.1/../../../../arm-none-eabi/lib/thumb/v7e-m+fp/hard\libg_nano.a(libc_a-findfp.o)
 .text.global_stdio_init.part.0
                0x00000000       0x40 C:/tools/arm-gnu-toolchain/bin/../lib/gcc/arm-none-eabi/15.2.1/../../../../arm-none-eabi/lib/thumb/v7e-m+fp/hard\libg_nano.a(libc_a-findfp.o)
 .text.__sfp_lock_acquire
                0x00000000        0xc C:/tools/arm-gnu-toolchain/bin/../lib/gcc/arm-none-eabi/15.2.1/../../../../arm-none-eabi/lib/thumb/v7e-m+fp/hard\libg_nano.a(libc_a-findfp.o)
 .text.__sfp_lock_release
                0x00000000        0xc C:/tools/arm-gnu-toolchain/bin/../lib/gcc/arm-none-eabi/15.2.1/../../../../arm-none-eabi/lib/thumb/v7e-m+fp/hard\libg_nano.a(libc_a-findfp.o)
 .text.__sfp    0x00000000       0xa4 C:/tools/arm-gnu-toolchain/bin/../lib/gcc/arm-none-eabi/15.2.1/../../../../arm-none-eabi/lib/thumb/v7e-m+fp/hard\libg_nano.a(libc_a-findfp.o)
 .text.__sinit  0x00000000       0x30 C:/tools/arm-gnu-toolchain/bin/../lib/gcc/arm-none-eabi/15.2.1/../../../../arm-none-eabi/lib/thumb/v7e-m+fp/hard\libg_nano.a(libc_a-findfp.o)
 .text.__fp_lock_all
                0x00000000       0x1c C:/tools/arm-gnu-toolchain/bin/../lib/gcc/arm-none-eabi/15.2.1/../../../../arm-none-eabi/lib/thumb/v7e-m+fp/hard\libg_nano.a(libc_a-findfp.o)
 .text.__fp_unlock_all
                0x00000000       0x1c C:/tools/arm-gnu-toolchain/bin/../lib/gcc/arm-none-eabi/15.2.1/../../../../arm-none-eabi/lib/thumb/v7e-m+fp/hard\libg_nano.a(libc_a-findfp.o)
 .data.__sglue  0x00000000        0xc C:/tools/arm-gnu-toolchain/bin/../lib/gcc/arm-none-eabi/15.2.1/../../../../arm-none-eabi/lib/thumb/v7e-m+fp/hard\libg_nano.a(libc_a-findfp.o)
 .bss.__sf      0x00000000      0x138 C:/tools/arm-gnu-toolchain/bin/../lib/gcc/arm-none-eabi/15.2.1/../../../../arm-none-eabi/lib/thumb/v7e-m+fp/hard\libg_nano.a(libc_a-findfp.o)
 .bss.__stdio_exit_handler
                0x00000000        0x4 C:/tools/arm-gnu-toolchain/bin/../lib/gcc/arm-none-eabi/15.2.1/../../../../arm-none-eabi/lib/thumb/v7e-m+fp/hard\libg_nano.a(libc_a-findfp.o)
 .debug_frame   0x00000000      0x144 C:/tools/arm-gnu-toolchain/bin/../lib/gcc/arm-none-eabi/15.2.1/../../../../arm-none-eabi/lib/thumb/v7e-m+fp/hard\libg_nano.a(libc_a-findfp.o)
 .ARM.attributes
                0x00000000       0x34 C:/tools/arm-gnu-toolchain/bin/../lib/gcc/arm-none-eabi/15.2.1/../../../../arm-none-eabi/lib/thumb/v7e-m+fp/hard\libg_nano.a(libc_a-findfp.o)
 .text          0x00000000        0x0 C:/tools/arm-gnu-toolchain/bin/../lib/gcc/arm-none-eabi/15.2.1/../../../../arm-none-eabi/lib/thumb/v7e-m+fp/hard\libg_nano.a(libc_a-fwalk.o)
 .data          0x00000000        0x0 C:/tools/arm-gnu-toolchain/bin/../lib/gcc/arm-none-eabi/15.2.1/../../../../arm-none-eabi/lib/thumb/v7e-m+fp/hard\libg_nano.a(libc_a-fwalk.o)
 .bss           0x00000000        0x0 C:/tools/arm-gnu-toolchain/bin/../lib/gcc/arm-none-eabi/15.2.1/../../../../arm-none-eabi/lib/thumb/v7e-m+fp/hard\libg_nano.a(libc_a-fwalk.o)
 .text._fwalk_sglue
                0x00000000       0x3a C:/tools/arm-gnu-toolchain/bin/../lib/gcc/arm-none-eabi/15.2.1/../../../../arm-none-eabi/lib/thumb/v7e-m+fp/hard\libg_nano.a(libc_a-fwalk.o)
 .debug_frame   0x00000000       0x34 C:/tools/arm-gnu-toolchain/bin/../lib/gcc/arm-none-eabi/15.2.1/../../../../arm-none-eabi/lib/thumb/v7e-m+fp/hard\libg_nano.a(libc_a-fwalk.o)
 .ARM.attributes
                0x00000000       0x34 C:/tools/arm-gnu-toolchain/bin/../lib/gcc/arm-none-eabi/15.2.1/../../../../arm-none-eabi/lib/thumb/v7e-m+fp/hard\libg_nano.a(libc_a-fwalk.o)
 .text          0x00000000        0x0 C:/tools/arm-gnu-toolchain/bin/../lib/gcc/arm-none-eabi/15.2.1/../../../../arm-none-eabi/lib/thumb/v7e-m+fp/hard\libg_nano.a(libc_a-stdio.o)
 .data          0x00000000        0x0 C:/tools/arm-gnu-toolchain/bin/../lib/gcc/arm-none-eabi/15.2.1/../../../../arm-none-eabi/lib/thumb/v7e-m+fp/hard\libg_nano.a(libc_a-stdio.o)
 .bss           0x00000000        0x0 C:/tools/arm-gnu-toolchain/bin/../lib/gcc/arm-none-eabi/15.2.1/../../../../arm-none-eabi/lib/thumb/v7e-m+fp/hard\libg_nano.a(libc_a-stdio.o)
 .text.__sread  0x00000000       0x22 C:/tools/arm-gnu-toolchain/bin/../lib/gcc/arm-none-eabi/15.2.1/../../../../arm-none-eabi/lib/thumb/v7e-m+fp/hard\libg_nano.a(libc_a-stdio.o)
 .text.__seofread
                0x00000000        0x4 C:/tools/arm-gnu-toolchain/bin/../lib/gcc/arm-none-eabi/15.2.1/../../../../arm-none-eabi/lib/thumb/v7e-m+fp/hard\libg_nano.a(libc_a-stdio.o)
 .text.__swrite
                0x00000000       0x38 C:/tools/arm-gnu-toolchain/bin/../lib/gcc/arm-none-eabi/15.2.1/../../../../arm-none-eabi/lib/thumb/v7e-m+fp/hard\libg_nano.a(libc_a-stdio.o)
 .text.__sseek  0x00000000       0x26 C:/tools/arm-gnu-toolchain/bin/../lib/gcc/arm-none-eabi/15.2.1/../../../../arm-none-eabi/lib/thumb/v7e-m+fp/hard\libg_nano.a(libc_a-stdio.o)
 .text.__sclose
                0x00000000        0x8 C:/tools/arm-gnu-toolchain/bin/../lib/gcc/arm-none-eabi/15.2.1/../../../../arm-none-eabi/lib/thumb/v7e-m+fp/hard\libg_nano.a(libc_a-stdio.o)
 .debug_frame   0x00000000       0x88 C:/tools/arm-gnu-toolchain/bin/../lib/gcc/arm-none-eabi/15.2.1/../../../../arm-none-eabi/lib/thumb/v7e-m+fp/hard\libg_nano.a(libc_a-stdio.o)
 .ARM.attributes
                0x00000000       0x34 C:/tools/arm-gnu-toolchain/bin/../lib/gcc/arm-none-eabi/15.2.1/../../../../arm-none-eabi/lib/thumb/v7e-m+fp/hard\libg_nano.a(libc_a-stdio.o)
 .text          0x00000000        0x0 C:/tools/arm-gnu-toolchain/bin/../lib/gcc/arm-none-eabi/15.2.1/../../../../arm-none-eabi/lib/thumb/v7e-m+fp/hard\libg_nano.a(libc_a-memset.o)
 .data          0x00000000        0x0 C:/tools/arm-gnu-toolchain/bin/../lib/gcc/arm-none-eabi/15.2.1/../../../../arm-none-eabi/lib/thumb/v7e-m+fp/hard\libg_nano.a(libc_a-memset.o)
 .bss           0x00000000        0x0 C:/tools/arm-gnu-toolchain/bin/../lib/gcc/arm-none-eabi/15.2.1/../../../../arm-none-eabi/lib/thumb/v7e-m+fp/hard\libg_nano.a(libc_a-memset.o)
 .text.memset   0x00000000       0x10 C:/tools/arm-gnu-toolchain/bin/../lib/gcc/arm-none-eabi/15.2.1/../../../../arm-none-eabi/lib/thumb/v7e-m+fp/hard\libg_nano.a(libc_a-memset.o)
 .debug_frame   0x00000000       0x20 C:/tools/arm-gnu-toolchain/bin/../lib/gcc/arm-none-eabi/15.2.1/../../../../arm-none-eabi/lib/thumb/v7e-m+fp/hard\libg_nano.a(libc_a-memset.o)
 .ARM.attributes
                0x00000000       0x34 C:/tools/arm-gnu-toolchain/bin/../lib/gcc/arm-none-eabi/15.2.1/../../../../arm-none-eabi/lib/thumb/v7e-m+fp/hard\libg_nano.a(libc_a-memset.o)
 .text          0x00000000        0x0 C:/tools/arm-gnu-toolchain/bin/../lib/gcc/arm-none-eabi/15.2.1/../../../../arm-none-eabi/lib/thumb/v7e-m+fp/hard\libg_nano.a(libc_a-closer.o)
 .data          0x00000000        0x0 C:/tools/arm-gnu-toolchain/bin/../lib/gcc/arm-none-eabi/15.2.1/../../../../arm-none-eabi/lib/thumb/v7e-m+fp/hard\libg_nano.a(libc_a-closer.o)
 .bss           0x00000000        0x0 C:/tools/arm-gnu-toolchain/bin/../lib/gcc/arm-none-eabi/15.2.1/../../../../arm-none-eabi/lib/thumb/v7e-m+fp/hard\libg_nano.a(libc_a-closer.o)
 .text._close_r
                0x00000000       0x20 C:/tools/arm-gnu-toolchain/bin/../lib/gcc/arm-none-eabi/15.2.1/../../../../arm-none-eabi/lib/thumb/v7e-m+fp/hard\libg_nano.a(libc_a-closer.o)
 .debug_frame   0x00000000       0x2c C:/tools/arm-gnu-toolchain/bin/../lib/gcc/arm-none-eabi/15.2.1/../../../../arm-none-eabi/lib/thumb/v7e-m+fp/hard\libg_nano.a(libc_a-closer.o)
 .ARM.attributes
                0x00000000       0x34 C:/tools/arm-gnu-toolchain/bin/../lib/gcc/arm-none-eabi/15.2.1/../../../../arm-none-eabi/lib/thumb/v7e-m+fp/hard\libg_nano.a(libc_a-closer.o)
 .text          0x00000000        0x0 C:/tools/arm-gnu-toolchain/bin/../lib/gcc/arm-none-eabi/15.2.1/../../../../arm-none-eabi/lib/thumb/v7e-m+fp/hard\libg_nano.a(libc_a-reent.o)
 .data          0x00000000        0x0 C:/tools/arm-gnu-toolchain/bin/../lib/gcc/arm-none-eabi/15.2.1/../../../../arm-none-eabi/lib/thumb/v7e-m+fp/hard\libg_nano.a(libc_a-reent.o)
 .bss           0x00000000        0x0 C:/tools/arm-gnu-toolchain/bin/../lib/gcc/arm-none-eabi/15.2.1/../../../../arm-none-eabi/lib/thumb/v7e-m+fp/hard\libg_nano.a(libc_a-reent.o)
 .text._reclaim_reent
                0x00000000       0xbc C:/tools/arm-gnu-toolchain/bin/../lib/gcc/arm-none-eabi/15.2.1/../../../../arm-none-eabi/lib/thumb/v7e-m+fp/hard\libg_nano.a(libc_a-reent.o)
 .bss.errno     0x00000000        0x4 C:/tools/arm-gnu-toolchain/bin/../lib/gcc/arm-none-eabi/15.2.1/../../../../arm-none-eabi/lib/thumb/v7e-m+fp/hard\libg_nano.a(libc_a-reent.o)
 .debug_frame   0x00000000       0x38 C:/tools/arm-gnu-toolchain/bin/../lib/gcc/arm-none-eabi/15.2.1/../../../../arm-none-eabi/lib/thumb/v7e-m+fp/hard\libg_nano.a(libc_a-reent.o)
 .ARM.attributes
                0x00000000       0x34 C:/tools/arm-gnu-toolchain/bin/../lib/gcc/arm-none-eabi/15.2.1/../../../../arm-none-eabi/lib/thumb/v7e-m+fp/hard\libg_nano.a(libc_a-reent.o)
 .text          0x00000000        0x0 C:/tools/arm-gnu-toolchain/bin/../lib/gcc/arm-none-eabi/15.2.1/../../../../arm-none-eabi/lib/thumb/v7e-m+fp/hard\libg_nano.a(libc_a-impure.o)
 .data          0x00000000        0x0 C:/tools/arm-gnu-toolchain/bin/../lib/gcc/arm-none-eabi/15.2.1/../../../../arm-none-eabi/lib/thumb/v7e-m+fp/hard\libg_nano.a(libc_a-impure.o)
 .bss           0x00000000        0x0 C:/tools/arm-gnu-toolchain/bin/../lib/gcc/arm-none-eabi/15.2.1/../../../../arm-none-eabi/lib/thumb/v7e-m+fp/hard\libg_nano.a(libc_a-impure.o)
 .data._impure_ptr
                0x00000000        0x4 C:/tools/arm-gnu-toolchain/bin/../lib/gcc/arm-none-eabi/15.2.1/../../../../arm-none-eabi/lib/thumb/v7e-m+fp/hard\libg_nano.a(libc_a-impure.o)
 .data._impure_data
                0x00000000       0x4c C:/tools/arm-gnu-toolchain/bin/../lib/gcc/arm-none-eabi/15.2.1/../../../../arm-none-eabi/lib/thumb/v7e-m+fp/hard\libg_nano.a(libc_a-impure.o)
 .ARM.attributes
                0x00000000       0x34 C:/tools/arm-gnu-toolchain/bin/../lib/gcc/arm-none-eabi/15.2.1/../../../../arm-none-eabi/lib/thumb/v7e-m+fp/hard\libg_nano.a(libc_a-impure.o)
 .text          0x00000000        0x0 C:/tools/arm-gnu-toolchain/bin/../lib/gcc/arm-none-eabi/15.2.1/../../../../arm-none-eabi/lib/thumb/v7e-m+fp/hard\libg_nano.a(libc_a-lseekr.o)
 .data          0x00000000        0x0 C:/tools/arm-gnu-toolchain/bin/../lib/gcc/arm-none-eabi/15.2.1/../../../../arm-none-eabi/lib/thumb/v7e-m+fp/hard\libg_nano.a(libc_a-lseekr.o)
 .bss           0x00000000        0x0 C:/tools/arm-gnu-toolchain/bin/../lib/gcc/arm-none-eabi/15.2.1/../../../../arm-none-eabi/lib/thumb/v7e-m+fp/hard\libg_nano.a(libc_a-lseekr.o)
 .text._lseek_r
                0x00000000       0x24 C:/tools/arm-gnu-toolchain/bin/../lib/gcc/arm-none-eabi/15.2.1/../../../../arm-none-eabi/lib/thumb/v7e-m+fp/hard\libg_nano.a(libc_a-lseekr.o)
 .debug_frame   0x00000000       0x2c C:/tools/arm-gnu-toolchain/bin/../lib/gcc/arm-none-eabi/15.2.1/../../../../arm-none-eabi/lib/thumb/v7e-m+fp/hard\libg_nano.a(libc_a-lseekr.o)
 .ARM.attributes
                0x00000000       0x34 C:/tools/arm-gnu-toolchain/bin/../lib/gcc/arm-none-eabi/15.2.1/../../../../arm-none-eabi/lib/thumb/v7e-m+fp/hard\libg_nano.a(libc_a-lseekr.o)
 .text          0x00000000        0x0 C:/tools/arm-gnu-toolchain/bin/../lib/gcc/arm-none-eabi/15.2.1/../../../../arm-none-eabi/lib/thumb/v7e-m+fp/hard\libg_nano.a(libc_a-readr.o)
 .data          0x00000000        0x0 C:/tools/arm-gnu-toolchain/bin/../lib/gcc/arm-none-eabi/15.2.1/../../../../arm-none-eabi/lib/thumb/v7e-m+fp/hard\libg_nano.a(libc_a-readr.o)
 .bss           0x00000000        0x0 C:/tools/arm-gnu-toolchain/bin/../lib/gcc/arm-none-eabi/15.2.1/../../../../arm-none-eabi/lib/thumb/v7e-m+fp/hard\libg_nano.a(libc_a-readr.o)
 .text._read_r  0x00000000       0x24 C:/tools/arm-gnu-toolchain/bin/../lib/gcc/arm-none-eabi/15.2.1/../../../../arm-none-eabi/lib/thumb/v7e-m+fp/hard\libg_nano.a(libc_a-readr.o)
 .debug_frame   0x00000000       0x2c C:/tools/arm-gnu-toolchain/bin/../lib/gcc/arm-none-eabi/15.2.1/../../../../arm-none-eabi/lib/thumb/v7e-m+fp/hard\libg_nano.a(libc_a-readr.o)
 .ARM.attributes
                0x00000000       0x34 C:/tools/arm-gnu-toolchain/bin/../lib/gcc/arm-none-eabi/15.2.1/../../../../arm-none-eabi/lib/thumb/v7e-m+fp/hard\libg_nano.a(libc_a-readr.o)
 .text          0x00000000        0x0 C:/tools/arm-gnu-toolchain/bin/../lib/gcc/arm-none-eabi/15.2.1/../../../../arm-none-eabi/lib/thumb/v7e-m+fp/hard\libg_nano.a(libc_a-writer.o)
 .data          0x00000000        0x0 C:/tools/arm-gnu-toolchain/bin/../lib/gcc/arm-none-eabi/15.2.1/../../../../arm-none-eabi/lib/thumb/v7e-m+fp/hard\libg_nano.a(libc_a-writer.o)
 .bss           0x00000000        0x0 C:/tools/arm-gnu-toolchain/bin/../lib/gcc/arm-none-eabi/15.2.1/../../../../arm-none-eabi/lib/thumb/v7e-m+fp/hard\libg_nano.a(libc_a-writer.o)
 .text._write_r
                0x00000000       0x24 C:/tools/arm-gnu-toolchain/bin/../lib/gcc/arm-none-eabi/15.2.1/../../../../arm-none-eabi/lib/thumb/v7e-m+fp/hard\libg_nano.a(libc_a-writer.o)
 .debug_frame   0x00000000       0x2c C:/tools/arm-gnu-toolchain/bin/../lib/gcc/arm-none-eabi/15.2.1/../../../../arm-none-eabi/lib/thumb/v7e-m+fp/hard\libg_nano.a(libc_a-writer.o)
 .ARM.attributes
                0x00000000       0x34 C:/tools/arm-gnu-toolchain/bin/../lib/gcc/arm-none-eabi/15.2.1/../../../../arm-none-eabi/lib/thumb/v7e-m+fp/hard\libg_nano.a(libc_a-writer.o)
 .text          0x00000000        0x0 C:/tools/arm-gnu-toolchain/bin/../lib/gcc/arm-none-eabi/15.2.1/../../../../arm-none-eabi/lib/thumb/v7e-m+fp/hard\libg_nano.a(libc_a-init.o)
 .data          0x00000000        0x0 C:/tools/arm-gnu-toolchain/bin/../lib/gcc/arm-none-eabi/15.2.1/../../../../arm-none-eabi/lib/thumb/v7e-m+fp/hard\libg_nano.a(libc_a-init.o)
 .bss           0x00000000        0x0 C:/tools/arm-gnu-toolchain/bin/../lib/gcc/arm-none-eabi/15.2.1/../../../../arm-none-eabi/lib/thumb/v7e-m+fp/hard\libg_nano.a(libc_a-init.o)
 .text          0x00000000        0x0 C:/tools/arm-gnu-toolchain/bin/../lib/gcc/arm-none-eabi/15.2.1/../../../../arm-none-eabi/lib/thumb/v7e-m+fp/hard\libg_nano.a(libc_a-lock.o)
 .data          0x00000000        0x0 C:/tools/arm-gnu-toolchain/bin/../lib/gcc/arm-none-eabi/15.2.1/../../../../arm-none-eabi/lib/thumb/v7e-m+fp/hard\libg_nano.a(libc_a-lock.o)
 .bss           0x00000000        0x0 C:/tools/arm-gnu-toolchain/bin/../lib/gcc/arm-none-eabi/15.2.1/../../../../arm-none-eabi/lib/thumb/v7e-m+fp/hard\libg_nano.a(libc_a-lock.o)
 .text.__retarget_lock_init
                0x00000000        0x2 C:/tools/arm-gnu-toolchain/bin/../lib/gcc/arm-none-eabi/15.2.1/../../../../arm-none-eabi/lib/thumb/v7e-m+fp/hard\libg_nano.a(libc_a-lock.o)
 .text.__retarget_lock_init_recursive
                0x00000000        0x2 C:/tools/arm-gnu-toolchain/bin/../lib/gcc/arm-none-eabi/15.2.1/../../../../arm-none-eabi/lib/thumb/v7e-m+fp/hard\libg_nano.a(libc_a-lock.o)
 .text.__retarget_lock_close
                0x00000000        0x2 C:/tools/arm-gnu-toolchain/bin/../lib/gcc/arm-none-eabi/15.2.1/../../../../arm-none-eabi/lib/thumb/v7e-m+fp/hard\libg_nano.a(libc_a-lock.o)
 .text.__retarget_lock_close_recursive
                0x00000000        0x2 C:/tools/arm-gnu-toolchain/bin/../lib/gcc/arm-none-eabi/15.2.1/../../../../arm-none-eabi/lib/thumb/v7e-m+fp/hard\libg_nano.a(libc_a-lock.o)
 .text.__retarget_lock_acquire
                0x00000000        0x2 C:/tools/arm-gnu-toolchain/bin/../lib/gcc/arm-none-eabi/15.2.1/../../../../arm-none-eabi/lib/thumb/v7e-m+fp/hard\libg_nano.a(libc_a-lock.o)
 .text.__retarget_lock_acquire_recursive
                0x00000000        0x2 C:/tools/arm-gnu-toolchain/bin/../lib/gcc/arm-none-eabi/15.2.1/../../../../arm-none-eabi/lib/thumb/v7e-m+fp/hard\libg_nano.a(libc_a-lock.o)
 .text.__retarget_lock_try_acquire
                0x00000000        0x4 C:/tools/arm-gnu-toolchain/bin/../lib/gcc/arm-none-eabi/15.2.1/../../../../arm-none-eabi/lib/thumb/v7e-m+fp/hard\libg_nano.a(libc_a-lock.o)
 .text.__retarget_lock_try_acquire_recursive
                0x00000000        0x4 C:/tools/arm-gnu-toolchain/bin/../lib/gcc/arm-none-eabi/15.2.1/../../../../arm-none-eabi/lib/thumb/v7e-m+fp/hard\libg_nano.a(libc_a-lock.o)
 .text.__retarget_lock_release
                0x00000000        0x2 C:/tools/arm-gnu-toolchain/bin/../lib/gcc/arm-none-eabi/15.2.1/../../../../arm-none-eabi/lib/thumb/v7e-m+fp/hard\libg_nano.a(libc_a-lock.o)
 .text.__retarget_lock_release_recursive
                0x00000000        0x2 C:/tools/arm-gnu-toolchain/bin/../lib/gcc/arm-none-eabi/15.2.1/../../../../arm-none-eabi/lib/thumb/v7e-m+fp/hard\libg_nano.a(libc_a-lock.o)
 .bss.__lock___arc4random_mutex
                0x00000000        0x1 C:/tools/arm-gnu-toolchain/bin/../lib/gcc/arm-none-eabi/15.2.1/../../../../arm-none-eabi/lib/thumb/v7e-m+fp/hard\libg_nano.a(libc_a-lock.o)
 .bss.__lock___dd_hash_mutex
                0x00000000        0x1 C:/tools/arm-gnu-toolchain/bin/../lib/gcc/arm-none-eabi/15.2.1/../../../../arm-none-eabi/lib/thumb/v7e-m+fp/hard\libg_nano.a(libc_a-lock.o)
 .bss.__lock___tz_mutex
                0x00000000        0x1 C:/tools/arm-gnu-toolchain/bin/../lib/gcc/arm-none-eabi/15.2.1/../../../../arm-none-eabi/lib/thumb/v7e-m+fp/hard\libg_nano.a(libc_a-lock.o)
 .bss.__lock___env_recursive_mutex
                0x00000000        0x1 C:/tools/arm-gnu-toolchain/bin/../lib/gcc/arm-none-eabi/15.2.1/../../../../arm-none-eabi/lib/thumb/v7e-m+fp/hard\libg_nano.a(libc_a-lock.o)
 .bss.__lock___malloc_recursive_mutex
                0x00000000        0x1 C:/tools/arm-gnu-toolchain/bin/../lib/gcc/arm-none-eabi/15.2.1/../../../../arm-none-eabi/lib/thumb/v7e-m+fp/hard\libg_nano.a(libc_a-lock.o)
 .bss.__lock___at_quick_exit_mutex
                0x00000000        0x1 C:/tools/arm-gnu-toolchain/bin/../lib/gcc/arm-none-eabi/15.2.1/../../../../arm-none-eabi/lib/thumb/v7e-m+fp/hard\libg_nano.a(libc_a-lock.o)
 .bss.__lock___atexit_recursive_mutex
                0x00000000        0x1 C:/tools/arm-gnu-toolchain/bin/../lib/gcc/arm-none-eabi/15.2.1/../../../../arm-none-eabi/lib/thumb/v7e-m+fp/hard\libg_nano.a(libc_a-lock.o)
 .bss.__lock___sfp_recursive_mutex
                0x00000000        0x1 C:/tools/arm-gnu-toolchain/bin/../lib/gcc/arm-none-eabi/15.2.1/../../../../arm-none-eabi/lib/thumb/v7e-m+fp/hard\libg_nano.a(libc_a-lock.o)
 .debug_frame   0x00000000       0xb0 C:/tools/arm-gnu-toolchain/bin/../lib/gcc/arm-none-eabi/15.2.1/../../../../arm-none-eabi/lib/thumb/v7e-m+fp/hard\libg_nano.a(libc_a-lock.o)
 .ARM.attributes
                0x00000000       0x34 C:/tools/arm-gnu-toolchain/bin/../lib/gcc/arm-none-eabi/15.2.1/../../../../arm-none-eabi/lib/thumb/v7e-m+fp/hard\libg_nano.a(libc_a-lock.o)
 .text          0x00000000        0x0 C:/tools/arm-gnu-toolchain/bin/../lib/gcc/arm-none-eabi/15.2.1/../../../../arm-none-eabi/lib/thumb/v7e-m+fp/hard\libg_nano.a(libc_a-freer.o)
 .data          0x00000000        0x0 C:/tools/arm-gnu-toolchain/bin/../lib/gcc/arm-none-eabi/15.2.1/../../../../arm-none-eabi/lib/thumb/v7e-m+fp/hard\libg_nano.a(libc_a-freer.o)
 .bss           0x00000000        0x0 C:/tools/arm-gnu-toolchain/bin/../lib/gcc/arm-none-eabi/15.2.1/../../../../arm-none-eabi/lib/thumb/v7e-m+fp/hard\libg_nano.a(libc_a-freer.o)
 .text._free_r  0x00000000       0x98 C:/tools/arm-gnu-toolchain/bin/../lib/gcc/arm-none-eabi/15.2.1/../../../../arm-none-eabi/lib/thumb/v7e-m+fp/hard\libg_nano.a(libc_a-freer.o)
 .debug_frame   0x00000000       0x38 C:/tools/arm-gnu-toolchain/bin/../lib/gcc/arm-none-eabi/15.2.1/../../../../arm-none-eabi/lib/thumb/v7e-m+fp/hard\libg_nano.a(libc_a-freer.o)
 .ARM.attributes
                0x00000000       0x34 C:/tools/arm-gnu-toolchain/bin/../lib/gcc/arm-none-eabi/15.2.1/../../../../arm-none-eabi/lib/thumb/v7e-m+fp/hard\libg_nano.a(libc_a-freer.o)
 .text          0x00000000        0x0 C:/tools/arm-gnu-toolchain/bin/../lib/gcc/arm-none-eabi/15.2.1/../../../../arm-none-eabi/lib/thumb/v7e-m+fp/hard\libg_nano.a(libc_a-mallocr.o)
 .data          0x00000000        0x0 C:/tools/arm-gnu-toolchain/bin/../lib/gcc/arm-none-eabi/15.2.1/../../../../arm-none-eabi/lib/thumb/v7e-m+fp/hard\libg_nano.a(libc_a-mallocr.o)
 .bss           0x00000000        0x0 C:/tools/arm-gnu-toolchain/bin/../lib/gcc/arm-none-eabi/15.2.1/../../../../arm-none-eabi/lib/thumb/v7e-m+fp/hard\libg_nano.a(libc_a-mallocr.o)
 .text.sbrk_aligned
                0x00000000       0x44 C:/tools/arm-gnu-toolchain/bin/../lib/gcc/arm-none-eabi/15.2.1/../../../../arm-none-eabi/lib/thumb/v7e-m+fp/hard\libg_nano.a(libc_a-mallocr.o)
 .text._malloc_r
                0x00000000       0xf8 C:/tools/arm-gnu-toolchain/bin/../lib/gcc/arm-none-eabi/15.2.1/../../../../arm-none-eabi/lib/thumb/v7e-m+fp/hard\libg_nano.a(libc_a-mallocr.o)
 .bss.__malloc_sbrk_start
                0x00000000        0x4 C:/tools/arm-gnu-toolchain/bin/../lib/gcc/arm-none-eabi/15.2.1/../../../../arm-none-eabi/lib/thumb/v7e-m+fp/hard\libg_nano.a(libc_a-mallocr.o)
 .bss.__malloc_free_list
                0x00000000        0x4 C:/tools/arm-gnu-toolchain/bin/../lib/gcc/arm-none-eabi/15.2.1/../../../../arm-none-eabi/lib/thumb/v7e-m+fp/hard\libg_nano.a(libc_a-mallocr.o)
 .debug_frame   0x00000000       0x50 C:/tools/arm-gnu-toolchain/bin/../lib/gcc/arm-none-eabi/15.2.1/../../../../arm-none-eabi/lib/thumb/v7e-m+fp/hard\libg_nano.a(libc_a-mallocr.o)
 .ARM.attributes
                0x00000000       0x34 C:/tools/arm-gnu-toolchain/bin/../lib/gcc/arm-none-eabi/15.2.1/../../../../arm-none-eabi/lib/thumb/v7e-m+fp/hard\libg_nano.a(libc_a-mallocr.o)
 .text          0x00000000        0x0 C:/tools/arm-gnu-toolchain/bin/../lib/gcc/arm-none-eabi/15.2.1/../../../../arm-none-eabi/lib/thumb/v7e-m+fp/hard\libg_nano.a(libc_a-mlock.o)
 .data          0x00000000        0x0 C:/tools/arm-gnu-toolchain/bin/../lib/gcc/arm-none-eabi/15.2.1/../../../../arm-none-eabi/lib/thumb/v7e-m+fp/hard\libg_nano.a(libc_a-mlock.o)
 .bss           0x00000000        0x0 C:/tools/arm-gnu-toolchain/bin/../lib/gcc/arm-none-eabi/15.2.1/../../../../arm-none-eabi/lib/thumb/v7e-m+fp/hard\libg_nano.a(libc_a-mlock.o)
 .text.__malloc_lock
                0x00000000        0xc C:/tools/arm-gnu-toolchain/bin/../lib/gcc/arm-none-eabi/15.2.1/../../../../arm-none-eabi/lib/thumb/v7e-m+fp/hard\libg_nano.a(libc_a-mlock.o)
 .text.__malloc_unlock
                0x00000000        0xc C:/tools/arm-gnu-toolchain/bin/../lib/gcc/arm-none-eabi/15.2.1/../../../../arm-none-eabi/lib/thumb/v7e-m+fp/hard\libg_nano.a(libc_a-mlock.o)
 .debug_frame   0x00000000       0x30 C:/tools/arm-gnu-toolchain/bin/../lib/gcc/arm-none-eabi/15.2.1/../../../../arm-none-eabi/lib/thumb/v7e-m+fp/hard\libg_nano.a(libc_a-mlock.o)
 .ARM.attributes
                0x00000000       0x34 C:/tools/arm-gnu-toolchain/bin/../lib/gcc/arm-none-eabi/15.2.1/../../../../arm-none-eabi/lib/thumb/v7e-m+fp/hard\libg_nano.a(libc_a-mlock.o)
 .text          0x00000000        0x0 C:/tools/arm-gnu-toolchain/bin/../lib/gcc/arm-none-eabi/15.2.1/../../../../arm-none-eabi/lib/thumb/v7e-m+fp/hard\libg_nano.a(libc_a-fflush.o)
 .data          0x00000000        0x0 C:/tools/arm-gnu-toolchain/bin/../lib/gcc/arm-none-eabi/15.2.1/../../../../arm-none-eabi/lib/thumb/v7e-m+fp/hard\libg_nano.a(libc_a-fflush.o)
 .bss           0x00000000        0x0 C:/tools/arm-gnu-toolchain/bin/../lib/gcc/arm-none-eabi/15.2.1/../../../../arm-none-eabi/lib/thumb/v7e-m+fp/hard\libg_nano.a(libc_a-fflush.o)
 .text.__sflush_r
                0x00000000      0x100 C:/tools/arm-gnu-toolchain/bin/../lib/gcc/arm-none-eabi/15.2.1/../../../../arm-none-eabi/lib/thumb/v7e-m+fp/hard\libg_nano.a(libc_a-fflush.o)
 .text._fflush_r
                0x00000000       0x50 C:/tools/arm-gnu-toolchain/bin/../lib/gcc/arm-none-eabi/15.2.1/../../../../arm-none-eabi/lib/thumb/v7e-m+fp/hard\libg_nano.a(libc_a-fflush.o)
 .text.fflush   0x00000000       0x28 C:/tools/arm-gnu-toolchain/bin/../lib/gcc/arm-none-eabi/15.2.1/../../../../arm-none-eabi/lib/thumb/v7e-m+fp/hard\libg_nano.a(libc_a-fflush.o)
 .debug_frame   0x00000000       0x5c C:/tools/arm-gnu-toolchain/bin/../lib/gcc/arm-none-eabi/15.2.1/../../../../arm-none-eabi/lib/thumb/v7e-m+fp/hard\libg_nano.a(libc_a-fflush.o)
 .ARM.attributes
                0x00000000       0x34 C:/tools/arm-gnu-toolchain/bin/../lib/gcc/arm-none-eabi/15.2.1/../../../../arm-none-eabi/lib/thumb/v7e-m+fp/hard\libg_nano.a(libc_a-fflush.o)
 .text          0x00000000        0x0 C:/tools/arm-gnu-toolchain/bin/../lib/gcc/arm-none-eabi/15.2.1/../../../../arm-none-eabi/lib/thumb/v7e-m+fp/hard\libg_nano.a(libc_a-sbrkr.o)
 .data          0x00000000        0x0 C:/tools/arm-gnu-toolchain/bin/../lib/gcc/arm-none-eabi/15.2.1/../../../../arm-none-eabi/lib/thumb/v7e-m+fp/hard\libg_nano.a(libc_a-sbrkr.o)
 .bss           0x00000000        0x0 C:/tools/arm-gnu-toolchain/bin/../lib/gcc/arm-none-eabi/15.2.1/../../../../arm-none-eabi/lib/thumb/v7e-m+fp/hard\libg_nano.a(libc_a-sbrkr.o)
 .text._sbrk_r  0x00000000       0x20 C:/tools/arm-gnu-toolchain/bin/../lib/gcc/arm-none-eabi/15.2.1/../../../../arm-none-eabi/lib/thumb/v7e-m+fp/hard\libg_nano.a(libc_a-sbrkr.o)
 .debug_frame   0x00000000       0x2c C:/tools/arm-gnu-toolchain/bin/../lib/gcc/arm-none-eabi/15.2.1/../../../../arm-none-eabi/lib/thumb/v7e-m+fp/hard\libg_nano.a(libc_a-sbrkr.o)
 .ARM.attributes
                0x00000000       0x34 C:/tools/arm-gnu-toolchain/bin/../lib/gcc/arm-none-eabi/15.2.1/../../../../arm-none-eabi/lib/thumb/v7e-m+fp/hard\libg_nano.a(libc_a-sbrkr.o)
 .text          0x00000000        0x0 C:/tools/arm-gnu-toolchain/bin/../lib/gcc/arm-none-eabi/15.2.1/../../../../arm-none-eabi/lib/thumb/v7e-m+fp/hard\libnosys.a(close.o)
 .data          0x00000000        0x0 C:/tools/arm-gnu-toolchain/bin/../lib/gcc/arm-none-eabi/15.2.1/../../../../arm-none-eabi/lib/thumb/v7e-m+fp/hard\libnosys.a(close.o)
 .bss           0x00000000        0x0 C:/tools/arm-gnu-toolchain/bin/../lib/gcc/arm-none-eabi/15.2.1/../../../../arm-none-eabi/lib/thumb/v7e-m+fp/hard\libnosys.a(close.o)
 .text._close   0x00000000       0x10 C:/tools/arm-gnu-toolchain/bin/../lib/gcc/arm-none-eabi/15.2.1/../../../../arm-none-eabi/lib/thumb/v7e-m+fp/hard\libnosys.a(close.o)
 .gnu.warning._close
                0x00000000        0x0 C:/tools/arm-gnu-toolchain/bin/../lib/gcc/arm-none-eabi/15.2.1/../../../../arm-none-eabi/lib/thumb/v7e-m+fp/hard\libnosys.a(close.o)
 .debug_frame   0x00000000       0x20 C:/tools/arm-gnu-toolchain/bin/../lib/gcc/arm-none-eabi/15.2.1/../../../../arm-none-eabi/lib/thumb/v7e-m+fp/hard\libnosys.a(close.o)
 .ARM.attributes
                0x00000000       0x34 C:/tools/arm-gnu-toolchain/bin/../lib/gcc/arm-none-eabi/15.2.1/../../../../arm-none-eabi/lib/thumb/v7e-m+fp/hard\libnosys.a(close.o)
 .text          0x00000000        0x0 C:/tools/arm-gnu-toolchain/bin/../lib/gcc/arm-none-eabi/15.2.1/../../../../arm-none-eabi/lib/thumb/v7e-m+fp/hard\libnosys.a(lseek.o)
 .data          0x00000000        0x0 C:/tools/arm-gnu-toolchain/bin/../lib/gcc/arm-none-eabi/15.2.1/../../../../arm-none-eabi/lib/thumb/v7e-m+fp/hard\libnosys.a(lseek.o)
 .bss           0x00000000        0x0 C:/tools/arm-gnu-toolchain/bin/../lib/gcc/arm-none-eabi/15.2.1/../../../../arm-none-eabi/lib/thumb/v7e-m+fp/hard\libnosys.a(lseek.o)
 .text._lseek   0x00000000       0x10 C:/tools/arm-gnu-toolchain/bin/../lib/gcc/arm-none-eabi/15.2.1/../../../../arm-none-eabi/lib/thumb/v7e-m+fp/hard\libnosys.a(lseek.o)
 .gnu.warning._lseek
                0x00000000        0x0 C:/tools/arm-gnu-toolchain/bin/../lib/gcc/arm-none-eabi/15.2.1/../../../../arm-none-eabi/lib/thumb/v7e-m+fp/hard\libnosys.a(lseek.o)
 .debug_frame   0x00000000       0x20 C:/tools/arm-gnu-toolchain/bin/../lib/gcc/arm-none-eabi/15.2.1/../../../../arm-none-eabi/lib/thumb/v7e-m+fp/hard\libnosys.a(lseek.o)
 .ARM.attributes
                0x00000000       0x34 C:/tools/arm-gnu-toolchain/bin/../lib/gcc/arm-none-eabi/15.2.1/../../../../arm-none-eabi/lib/thumb/v7e-m+fp/hard\libnosys.a(lseek.o)
 .text          0x00000000        0x0 C:/tools/arm-gnu-toolchain/bin/../lib/gcc/arm-none-eabi/15.2.1/../../../../arm-none-eabi/lib/thumb/v7e-m+fp/hard\libnosys.a(read.o)
 .data          0x00000000        0x0 C:/tools/arm-gnu-toolchain/bin/../lib/gcc/arm-none-eabi/15.2.1/../../../../arm-none-eabi/lib/thumb/v7e-m+fp/hard\libnosys.a(read.o)
 .bss           0x00000000        0x0 C:/tools/arm-gnu-toolchain/bin/../lib/gcc/arm-none-eabi/15.2.1/../../../../arm-none-eabi/lib/thumb/v7e-m+fp/hard\libnosys.a(read.o)
 .text._read    0x00000000       0x10 C:/tools/arm-gnu-toolchain/bin/../lib/gcc/arm-none-eabi/15.2.1/../../../../arm-none-eabi/lib/thumb/v7e-m+fp/hard\libnosys.a(read.o)
 .gnu.warning._read
                0x00000000        0x0 C:/tools/arm-gnu-toolchain/bin/../lib/gcc/arm-none-eabi/15.2.1/../../../../arm-none-eabi/lib/thumb/v7e-m+fp/hard\libnosys.a(read.o)
 .debug_frame   0x00000000       0x20 C:/tools/arm-gnu-toolchain/bin/../lib/gcc/arm-none-eabi/15.2.1/../../../../arm-none-eabi/lib/thumb/v7e-m+fp/hard\libnosys.a(read.o)
 .ARM.attributes
                0x00000000       0x34 C:/tools/arm-gnu-toolchain/bin/../lib/gcc/arm-none-eabi/15.2.1/../../../../arm-none-eabi/lib/thumb/v7e-m+fp/hard\libnosys.a(read.o)
 .text          0x00000000        0x0 C:/tools/arm-gnu-toolchain/bin/../lib/gcc/arm-none-eabi/15.2.1/../../../../arm-none-eabi/lib/thumb/v7e-m+fp/hard\libnosys.a(sbrk.o)
 .data          0x00000000        0x0 C:/tools/arm-gnu-toolchain/bin/../lib/gcc/arm-none-eabi/15.2.1/../../../../arm-none-eabi/lib/thumb/v7e-m+fp/hard\libnosys.a(sbrk.o)
 .bss           0x00000000        0x0 C:/tools/arm-gnu-toolchain/bin/../lib/gcc/arm-none-eabi/15.2.1/../../../../arm-none-eabi/lib/thumb/v7e-m+fp/hard\libnosys.a(sbrk.o)
 .text._sbrk    0x00000000       0x1c C:/tools/arm-gnu-toolchain/bin/../lib/gcc/arm-none-eabi/15.2.1/../../../../arm-none-eabi/lib/thumb/v7e-m+fp/hard\libnosys.a(sbrk.o)
 .bss.heap_end.0
                0x00000000        0x4 C:/tools/arm-gnu-toolchain/bin/../lib/gcc/arm-none-eabi/15.2.1/../../../../arm-none-eabi/lib/thumb/v7e-m+fp/hard\libnosys.a(sbrk.o)
 .debug_frame   0x00000000       0x20 C:/tools/arm-gnu-toolchain/bin/../lib/gcc/arm-none-eabi/15.2.1/../../../../arm-none-eabi/lib/thumb/v7e-m+fp/hard\libnosys.a(sbrk.o)
 .ARM.attributes
                0x00000000       0x34 C:/tools/arm-gnu-toolchain/bin/../lib/gcc/arm-none-eabi/15.2.1/../../../../arm-none-eabi/lib/thumb/v7e-m+fp/hard\libnosys.a(sbrk.o)
 .text          0x00000000        0x0 C:/tools/arm-gnu-toolchain/bin/../lib/gcc/arm-none-eabi/15.2.1/../../../../arm-none-eabi/lib/thumb/v7e-m+fp/hard\libnosys.a(write.o)
 .data          0x00000000        0x0 C:/tools/arm-gnu-toolchain/bin/../lib/gcc/arm-none-eabi/15.2.1/../../../../arm-none-eabi/lib/thumb/v7e-m+fp/hard\libnosys.a(write.o)
 .bss           0x00000000        0x0 C:/tools/arm-gnu-toolchain/bin/../lib/gcc/arm-none-eabi/15.2.1/../../../../arm-none-eabi/lib/thumb/v7e-m+fp/hard\libnosys.a(write.o)
 .text._write   0x00000000       0x10 C:/tools/arm-gnu-toolchain/bin/../lib/gcc/arm-none-eabi/15.2.1/../../../../arm-none-eabi/lib/thumb/v7e-m+fp/hard\libnosys.a(write.o)
 .gnu.warning._write
                0x00000000        0x0 C:/tools/arm-gnu-toolchain/bin/../lib/gcc/arm-none-eabi/15.2.1/../../../../arm-none-eabi/lib/thumb/v7e-m+fp/hard\libnosys.a(write.o)
 .debug_frame   0x00000000       0x20 C:/tools/arm-gnu-toolchain/bin/../lib/gcc/arm-none-eabi/15.2.1/../../../../arm-none-eabi/lib/thumb/v7e-m+fp/hard\libnosys.a(write.o)
 .ARM.attributes
                0x00000000       0x34 C:/tools/arm-gnu-toolchain/bin/../lib/gcc/arm-none-eabi/15.2.1/../../../../arm-none-eabi/lib/thumb/v7e-m+fp/hard\libnosys.a(write.o)
 .text          0x00000000        0x0 C:/tools/arm-gnu-toolchain/bin/../lib/gcc/arm-none-eabi/15.2.1/../../../../arm-none-eabi/lib/thumb/v7e-m+fp/hard\libnosys.a(_exit.o)
 .data          0x00000000        0x0 C:/tools/arm-gnu-toolchain/bin/../lib/gcc/arm-none-eabi/15.2.1/../../../../arm-none-eabi/lib/thumb/v7e-m+fp/hard\libnosys.a(_exit.o)
 .bss           0x00000000        0x0 C:/tools/arm-gnu-toolchain/bin/../lib/gcc/arm-none-eabi/15.2.1/../../../../arm-none-eabi/lib/thumb/v7e-m+fp/hard\libnosys.a(_exit.o)
 .text._exit    0x00000000        0x4 C:/tools/arm-gnu-toolchain/bin/../lib/gcc/arm-none-eabi/15.2.1/../../../../arm-none-eabi/lib/thumb/v7e-m+fp/hard\libnosys.a(_exit.o)
 .debug_frame   0x00000000       0x20 C:/tools/arm-gnu-toolchain/bin/../lib/gcc/arm-none-eabi/15.2.1/../../../../arm-none-eabi/lib/thumb/v7e-m+fp/hard\libnosys.a(_exit.o)
 .ARM.attributes
                0x00000000       0x34 C:/tools/arm-gnu-toolchain/bin/../lib/gcc/arm-none-eabi/15.2.1/../../../../arm-none-eabi/lib/thumb/v7e-m+fp/hard\libnosys.a(_exit.o)
 .text          0x00000000        0x0 C:/tools/arm-gnu-toolchain/bin/../lib/gcc/arm-none-eabi/15.2.1/thumb/v7e-m+fp/hard/crtend.o
 .data          0x00000000        0x0 C:/tools/arm-gnu-toolchain/bin/../lib/gcc/arm-none-eabi/15.2.1/thumb/v7e-m+fp/hard/crtend.o
 .bss           0x00000000        0x0 C:/tools/arm-gnu-toolchain/bin/../lib/gcc/arm-none-eabi/15.2.1/thumb/v7e-m+fp/hard/crtend.o
 .rodata.all_implied_fbits
                0x00000000       0x24 C:/tools/arm-gnu-toolchain/bin/../lib/gcc/arm-none-eabi/15.2.1/thumb/v7e-m+fp/hard/crtend.o
 .eh_frame      0x00000000        0x4 C:/tools/arm-gnu-toolchain/bin/../lib/gcc/arm-none-eabi/15.2.1/thumb/v7e-m+fp/hard/crtend.o
 .text          0x00000000        0x0 C:/tools/arm-gnu-toolchain/bin/../lib/gcc/arm-none-eabi/15.2.1/thumb/v7e-m+fp/hard/crtn.o
 .data          0x00000000        0x0 C:/tools/arm-gnu-toolchain/bin/../lib/gcc/arm-none-eabi/15.2.1/thumb/v7e-m+fp/hard/crtn.o
 .bss           0x00000000        0x0 C:/tools/arm-gnu-toolchain/bin/../lib/gcc/arm-none-eabi/15.2.1/thumb/v7e-m+fp/hard/crtn.o

Memory Configuration

Name             Origin             Length             Attributes
FLASH            0x08000000         0x00100000         xr
RAM              0x20000000         0x00018000         xrw
*default*        0x00000000         0xffffffff

Linker script and memory map

LOAD C:/tools/arm-gnu-toolchain/bin/../lib/gcc/arm-none-eabi/15.2.1/thumb/v7e-m+fp/hard/crti.o
LOAD C:/tools/arm-gnu-toolchain/bin/../lib/gcc/arm-none-eabi/15.2.1/thumb/v7e-m+fp/hard/crtbegin.o
LOAD C:/tools/arm-gnu-toolchain/bin/../lib/gcc/arm-none-eabi/15.2.1/../../../../arm-none-eabi/lib/thumb/v7e-m+fp/hard/crt0.o
LOAD CMakeFiles/firmware.elf.dir/Src/main.c.obj
LOAD CMakeFiles/firmware.elf.dir/Src/gpio.c.obj
LOAD CMakeFiles/firmware.elf.dir/Src/systick.c.obj
LOAD CMakeFiles/firmware.elf.dir/Src/uart.c.obj
LOAD CMakeFiles/firmware.elf.dir/Drivers/CMSIS/Device/ST/STM32L4xx/Source/Templates/gcc/startup_stm32l476xx.s.obj
START GROUP
LOAD C:/tools/arm-gnu-toolchain/bin/../lib/gcc/arm-none-eabi/15.2.1/thumb/v7e-m+fp/hard\libgcc.a
LOAD C:/tools/arm-gnu-toolchain/bin/../lib/gcc/arm-none-eabi/15.2.1/../../../../arm-none-eabi/lib/thumb/v7e-m+fp/hard\libg_nano.a
LOAD C:/tools/arm-gnu-toolchain/bin/../lib/gcc/arm-none-eabi/15.2.1/../../../../arm-none-eabi/lib/thumb/v7e-m+fp/hard\libc_nano.a
END GROUP
START GROUP
LOAD C:/tools/arm-gnu-toolchain/bin/../lib/gcc/arm-none-eabi/15.2.1/thumb/v7e-m+fp/hard\libgcc.a
LOAD C:/tools/arm-gnu-toolchain/bin/../lib/gcc/arm-none-eabi/15.2.1/../../../../arm-none-eabi/lib/thumb/v7e-m+fp/hard\libc_nano.a
LOAD C:/tools/arm-gnu-toolchain/bin/../lib/gcc/arm-none-eabi/15.2.1/../../../../arm-none-eabi/lib/thumb/v7e-m+fp/hard\libnosys.a
END GROUP
START GROUP
LOAD C:/tools/arm-gnu-toolchain/bin/../lib/gcc/arm-none-eabi/15.2.1/thumb/v7e-m+fp/hard\libgcc.a
LOAD C:/tools/arm-gnu-toolchain/bin/../lib/gcc/arm-none-eabi/15.2.1/../../../../arm-none-eabi/lib/thumb/v7e-m+fp/hard\libc_nano.a
LOAD C:/tools/arm-gnu-toolchain/bin/../lib/gcc/arm-none-eabi/15.2.1/../../../../arm-none-eabi/lib/thumb/v7e-m+fp/hard\libnosys.a
END GROUP
LOAD C:/tools/arm-gnu-toolchain/bin/../lib/gcc/arm-none-eabi/15.2.1/thumb/v7e-m+fp/hard/crtend.o
LOAD C:/tools/arm-gnu-toolchain/bin/../lib/gcc/arm-none-eabi/15.2.1/thumb/v7e-m+fp/hard/crtn.o

.isr_vector     0x08000000      0x188
                0x08000000                        . = ALIGN (0x4)
 *(.isr_vector)
 .isr_vector    0x08000000      0x188 CMakeFiles/firmware.elf.dir/Drivers/CMSIS/Device/ST/STM32L4xx/Source/Templates/gcc/startup_stm32l476xx.s.obj
                0x08000000                g_pfnVectors
                0x08000188                        . = ALIGN (0x4)

.eh_frame       0x08000188        0x0
 .eh_frame      0x08000188        0x0 C:/tools/arm-gnu-toolchain/bin/../lib/gcc/arm-none-eabi/15.2.1/thumb/v7e-m+fp/hard/crtbegin.o

.text           0x08000188      0x4d8
                0x08000188                        . = ALIGN (0x4)
 *(.text)
 *(.text*)
 .text.deregister_tm_clones
                0x08000188       0x1c C:/tools/arm-gnu-toolchain/bin/../lib/gcc/arm-none-eabi/15.2.1/thumb/v7e-m+fp/hard/crtbegin.o
 .text.register_tm_clones
                0x080001a4       0x24 C:/tools/arm-gnu-toolchain/bin/../lib/gcc/arm-none-eabi/15.2.1/thumb/v7e-m+fp/hard/crtbegin.o
 .text.__do_global_dtors_aux
                0x080001c8       0x28 C:/tools/arm-gnu-toolchain/bin/../lib/gcc/arm-none-eabi/15.2.1/thumb/v7e-m+fp/hard/crtbegin.o
 .text.frame_dummy
                0x080001f0       0x24 C:/tools/arm-gnu-toolchain/bin/../lib/gcc/arm-none-eabi/15.2.1/thumb/v7e-m+fp/hard/crtbegin.o
 .text.SystemInit
                0x08000214        0xc CMakeFiles/firmware.elf.dir/Src/main.c.obj
                0x08000214                SystemInit
 .text.main     0x08000220       0x64 CMakeFiles/firmware.elf.dir/Src/main.c.obj
                0x08000220                main
 .text.setMODER
                0x08000284       0x44 CMakeFiles/firmware.elf.dir/Src/gpio.c.obj
                0x08000284                setMODER
 .text.toggle   0x080002c8       0x46 CMakeFiles/firmware.elf.dir/Src/gpio.c.obj
                0x080002c8                toggle
 *fill*         0x0800030e        0x2 
 .text.systick_init
                0x08000310       0x24 CMakeFiles/firmware.elf.dir/Src/systick.c.obj
                0x08000310                systick_init
 .text.SysTick_Handler
                0x08000334       0x1c CMakeFiles/firmware.elf.dir/Src/systick.c.obj
                0x08000334                SysTick_Handler
 .text.delay_ms
                0x08000350       0x30 CMakeFiles/firmware.elf.dir/Src/systick.c.obj
                0x08000350                delay_ms
 .text.__NVIC_EnableIRQ
                0x08000380       0x38 CMakeFiles/firmware.elf.dir/Src/uart.c.obj
 .text.USART2_IRQHandler
                0x080003b8       0x88 CMakeFiles/firmware.elf.dir/Src/uart.c.obj
                0x080003b8                USART2_IRQHandler
 .text.uart_init
                0x08000440       0xb8 CMakeFiles/firmware.elf.dir/Src/uart.c.obj
                0x08000440                uart_init
 .text.uart_send_char
                0x080004f8       0x30 CMakeFiles/firmware.elf.dir/Src/uart.c.obj
                0x080004f8                uart_send_char
 .text.uart_send_newline
                0x08000528       0x14 CMakeFiles/firmware.elf.dir/Src/uart.c.obj
                0x08000528                uart_send_newline
 .text.uart_send_string
                0x0800053c       0x2a CMakeFiles/firmware.elf.dir/Src/uart.c.obj
                0x0800053c                uart_send_string
 *fill*         0x08000566        0x2 
 .text.uart_rx_ready
                0x08000568       0x18 CMakeFiles/firmware.elf.dir/Src/uart.c.obj
                0x08000568                uart_rx_ready
 .text.uart_clear_rx_ready
                0x08000580       0x18 CMakeFiles/firmware.elf.dir/Src/uart.c.obj
                0x08000580                uart_clear_rx_ready
 .text.uart_get_rx_buffer
                0x08000598       0x14 CMakeFiles/firmware.elf.dir/Src/uart.c.obj
                0x08000598                uart_get_rx_buffer
 .text.Reset_Handler
                0x080005ac       0x50 CMakeFiles/firmware.elf.dir/Drivers/CMSIS/Device/ST/STM32L4xx/Source/Templates/gcc/startup_stm32l476xx.s.obj
                0x080005ac                Reset_Handler
 .text.Default_Handler
                0x080005fc        0x2 CMakeFiles/firmware.elf.dir/Drivers/CMSIS/Device/ST/STM32L4xx/Source/Templates/gcc/startup_stm32l476xx.s.obj
                0x080005fc                RTC_Alarm_IRQHandler
                0x080005fc                EXTI2_IRQHandler
                0x080005fc                TIM8_TRG_COM_IRQHandler
                0x080005fc                TIM8_CC_IRQHandler
                0x080005fc                DebugMon_Handler
                0x080005fc                TIM1_CC_IRQHandler
                0x080005fc                TSC_IRQHandler
                0x080005fc                HardFault_Handler
                0x080005fc                TAMP_STAMP_IRQHandler
                0x080005fc                PendSV_Handler
                0x080005fc                NMI_Handler
                0x080005fc                EXTI3_IRQHandler
                0x080005fc                LPTIM2_IRQHandler
                0x080005fc                DFSDM1_FLT1_IRQHandler
                0x080005fc                I2C3_ER_IRQHandler
                0x080005fc                DFSDM1_FLT2_IRQHandler
                0x080005fc                EXTI0_IRQHandler
                0x080005fc                I2C2_EV_IRQHandler
                0x080005fc                CAN1_RX0_IRQHandler
                0x080005fc                FPU_IRQHandler
                0x080005fc                TIM1_UP_TIM16_IRQHandler
                0x080005fc                UsageFault_Handler
                0x080005fc                ADC1_2_IRQHandler
                0x080005fc                SPI1_IRQHandler
                0x080005fc                TIM6_DAC_IRQHandler
                0x080005fc                TIM8_UP_IRQHandler
                0x080005fc                DMA2_Channel2_IRQHandler
                0x080005fc                DMA1_Channel4_IRQHandler
                0x080005fc                SAI2_IRQHandler
                0x080005fc                DFSDM1_FLT3_IRQHandler
                0x080005fc                USART3_IRQHandler
                0x080005fc                DMA1_Channel7_IRQHandler
                0x080005fc                CAN1_RX1_IRQHandler
                0x080005fc                LCD_IRQHandler
                0x080005fc                UART5_IRQHandler
                0x080005fc                ADC3_IRQHandler
                0x080005fc                TIM4_IRQHandler
                0x080005fc                DMA2_Channel1_IRQHandler
                0x080005fc                QUADSPI_IRQHandler
                0x080005fc                I2C1_EV_IRQHandler
                0x080005fc                DMA1_Channel6_IRQHandler
                0x080005fc                UART4_IRQHandler
                0x080005fc                DMA2_Channel4_IRQHandler
                0x080005fc                TIM3_IRQHandler
                0x080005fc                RCC_IRQHandler
                0x080005fc                DMA1_Channel1_IRQHandler
                0x080005fc                Default_Handler
                0x080005fc                DMA2_Channel7_IRQHandler
                0x080005fc                EXTI15_10_IRQHandler
                0x080005fc                TIM7_IRQHandler
                0x080005fc                SDMMC1_IRQHandler
                0x080005fc                TIM5_IRQHandler
                0x080005fc                I2C3_EV_IRQHandler
                0x080005fc                EXTI9_5_IRQHandler
                0x080005fc                RTC_WKUP_IRQHandler
                0x080005fc                PVD_PVM_IRQHandler
                0x080005fc                SPI2_IRQHandler
                0x080005fc                MemManage_Handler
                0x080005fc                CAN1_TX_IRQHandler
                0x080005fc                SVC_Handler
                0x080005fc                DMA2_Channel5_IRQHandler
                0x080005fc                DMA1_Channel5_IRQHandler
                0x080005fc                EXTI4_IRQHandler
                0x080005fc                RNG_IRQHandler
                0x080005fc                TIM1_TRG_COM_TIM17_IRQHandler
                0x080005fc                DMA1_Channel3_IRQHandler
                0x080005fc                COMP_IRQHandler
                0x080005fc                WWDG_IRQHandler
                0x080005fc                LPUART1_IRQHandler
                0x080005fc                DMA2_Channel6_IRQHandler
                0x080005fc                TIM2_IRQHandler
                0x080005fc                EXTI1_IRQHandler
                0x080005fc                DFSDM1_FLT0_IRQHandler
                0x080005fc                I2C2_ER_IRQHandler
                0x080005fc                DMA1_Channel2_IRQHandler
                0x080005fc                TIM8_BRK_IRQHandler
                0x080005fc                CAN1_SCE_IRQHandler
                0x080005fc                FLASH_IRQHandler
                0x080005fc                BusFault_Handler
                0x080005fc                USART1_IRQHandler
                0x080005fc                OTG_FS_IRQHandler
                0x080005fc                SPI3_IRQHandler
                0x080005fc                I2C1_ER_IRQHandler
                0x080005fc                FMC_IRQHandler
                0x080005fc                SWPMI1_IRQHandler
                0x080005fc                LPTIM1_IRQHandler
                0x080005fc                SAI1_IRQHandler
                0x080005fc                DMA2_Channel3_IRQHandler
                0x080005fc                TIM1_BRK_TIM15_IRQHandler
 *fill*         0x080005fe        0x2 
 .text.__libc_init_array
                0x08000600       0x48 C:/tools/arm-gnu-toolchain/bin/../lib/gcc/arm-none-eabi/15.2.1/../../../../arm-none-eabi/lib/thumb/v7e-m+fp/hard\libg_nano.a(libc_a-init.o)
                0x08000600                __libc_init_array
 *(.glue_7)
 .glue_7        0x08000648        0x0 linker stubs
 *(.glue_7t)
 .glue_7t       0x08000648        0x0 linker stubs
 *(.init)
 .init          0x08000648        0x4 C:/tools/arm-gnu-toolchain/bin/../lib/gcc/arm-none-eabi/15.2.1/thumb/v7e-m+fp/hard/crti.o
                0x08000648                _init
 .init          0x0800064c        0x8 C:/tools/arm-gnu-toolchain/bin/../lib/gcc/arm-none-eabi/15.2.1/thumb/v7e-m+fp/hard/crtn.o
 *(.fini)
 .fini          0x08000654        0x4 C:/tools/arm-gnu-toolchain/bin/../lib/gcc/arm-none-eabi/15.2.1/thumb/v7e-m+fp/hard/crti.o
                0x08000654                _fini
 .fini          0x08000658        0x8 C:/tools/arm-gnu-toolchain/bin/../lib/gcc/arm-none-eabi/15.2.1/thumb/v7e-m+fp/hard/crtn.o
 *(.rodata)
 *(.rodata*)
                0x08000660                        . = ALIGN (0x4)
                0x08000660                        _etext = .

.vfp11_veneer   0x08000660        0x0
 .vfp11_veneer  0x08000660        0x0 linker stubs

.v4_bx          0x08000660        0x0
 .v4_bx         0x08000660        0x0 linker stubs

.iplt           0x08000660        0x0
 .iplt          0x08000660        0x0 C:/tools/arm-gnu-toolchain/bin/../lib/gcc/arm-none-eabi/15.2.1/thumb/v7e-m+fp/hard/crtbegin.o

.rel.dyn        0x08000660        0x0
 .rel.iplt      0x08000660        0x0 C:/tools/arm-gnu-toolchain/bin/../lib/gcc/arm-none-eabi/15.2.1/thumb/v7e-m+fp/hard/crtbegin.o

.ARM.extab
 *(.ARM.extab* .gnu.linkonce.armextab.*)

.ARM            0x08000660        0x0
                0x08000660                        __exidx_start = .
 *(.ARM.exidx*)
                0x08000660                        __exidx_end = .

.preinit_array  0x08000660        0x0
                0x08000660                        PROVIDE (__preinit_array_start = .)
 *(.preinit_array*)
                0x08000660                        PROVIDE (__preinit_array_end = .)

.init_array     0x08000660        0x4
                0x08000660                        PROVIDE (__init_array_start = .)
 *(SORT_BY_NAME(.init_array.*))
 *(.init_array*)
 .init_array    0x08000660        0x4 C:/tools/arm-gnu-toolchain/bin/../lib/gcc/arm-none-eabi/15.2.1/thumb/v7e-m+fp/hard/crtbegin.o
                0x08000664                        PROVIDE (__init_array_end = .)

.fini_array     0x08000664        0x4
                [!provide]                        PROVIDE (__fini_array_start = .)
 *(SORT_BY_NAME(.fini_array.*))
 *(.fini_array*)
 .fini_array    0x08000664        0x4 C:/tools/arm-gnu-toolchain/bin/../lib/gcc/arm-none-eabi/15.2.1/thumb/v7e-m+fp/hard/crtbegin.o
                [!provide]                        PROVIDE (__fini_array_end = .)

.data           0x20000000        0x0 load address 0x08000668
                0x20000000                        . = ALIGN (0x4)
                0x20000000                        _sdata = .
 *(.data)
 *(.data*)
                0x20000000                        . = ALIGN (0x4)
                0x20000000                        _edata = .
                0x08000668                        _sidata = LOADADDR (.data)

.tm_clone_table
                0x20000000        0x0 load address 0x08000668
 .tm_clone_table
                0x20000000        0x0 C:/tools/arm-gnu-toolchain/bin/../lib/gcc/arm-none-eabi/15.2.1/thumb/v7e-m+fp/hard/crtbegin.o
 .tm_clone_table
                0x20000000        0x0 C:/tools/arm-gnu-toolchain/bin/../lib/gcc/arm-none-eabi/15.2.1/thumb/v7e-m+fp/hard/crtend.o

.igot.plt       0x20000000        0x0 load address 0x08000668
 .igot.plt      0x20000000        0x0 C:/tools/arm-gnu-toolchain/bin/../lib/gcc/arm-none-eabi/15.2.1/thumb/v7e-m+fp/hard/crtbegin.o

.bss            0x20000000       0xa4 load address 0x08000668
                0x20000000                        . = ALIGN (0x4)
                0x20000000                        _sbss = .
 *(.bss)
 *(.bss*)
 .bss.completed.1
                0x20000000        0x1 C:/tools/arm-gnu-toolchain/bin/../lib/gcc/arm-none-eabi/15.2.1/thumb/v7e-m+fp/hard/crtbegin.o
 *fill*         0x20000001        0x3 
 .bss.object.0  0x20000004       0x18 C:/tools/arm-gnu-toolchain/bin/../lib/gcc/arm-none-eabi/15.2.1/thumb/v7e-m+fp/hard/crtbegin.o
 .bss.ms_ticks  0x2000001c        0x4 CMakeFiles/firmware.elf.dir/Src/systick.c.obj
 .bss.rx_buffer
                0x20000020       0x80 CMakeFiles/firmware.elf.dir/Src/uart.c.obj
 .bss.write_index
                0x200000a0        0x2 CMakeFiles/firmware.elf.dir/Src/uart.c.obj
 .bss.rx_ready  0x200000a2        0x1 CMakeFiles/firmware.elf.dir/Src/uart.c.obj
 *(COMMON)
                0x200000a4                        . = ALIGN (0x4)
 *fill*         0x200000a3        0x1 
                0x200000a4                        _ebss = .
                0x20018000                        _estack = (ORIGIN (RAM) + LENGTH (RAM))
OUTPUT(firmware.elf elf32-littlearm)
LOAD linker stubs

.ARM.attributes
                0x00000000       0x30
 .ARM.attributes
                0x00000000       0x22 C:/tools/arm-gnu-toolchain/bin/../lib/gcc/arm-none-eabi/15.2.1/thumb/v7e-m+fp/hard/crti.o
 .ARM.attributes
                0x00000022       0x34 C:/tools/arm-gnu-toolchain/bin/../lib/gcc/arm-none-eabi/15.2.1/thumb/v7e-m+fp/hard/crtbegin.o
 .ARM.attributes
                0x00000056       0x34 CMakeFiles/firmware.elf.dir/Src/main.c.obj
 .ARM.attributes
                0x0000008a       0x34 CMakeFiles/firmware.elf.dir/Src/gpio.c.obj
 .ARM.attributes
                0x000000be       0x34 CMakeFiles/firmware.elf.dir/Src/systick.c.obj
 .ARM.attributes
                0x000000f2       0x34 CMakeFiles/firmware.elf.dir/Src/uart.c.obj
 .ARM.attributes
                0x00000126       0x21 CMakeFiles/firmware.elf.dir/Drivers/CMSIS/Device/ST/STM32L4xx/Source/Templates/gcc/startup_stm32l476xx.s.obj
 .ARM.attributes
                0x00000147       0x34 C:/tools/arm-gnu-toolchain/bin/../lib/gcc/arm-none-eabi/15.2.1/../../../../arm-none-eabi/lib/thumb/v7e-m+fp/hard\libg_nano.a(libc_a-init.o)
 .ARM.attributes
                0x0000017b       0x34 C:/tools/arm-gnu-toolchain/bin/../lib/gcc/arm-none-eabi/15.2.1/thumb/v7e-m+fp/hard/crtend.o
 .ARM.attributes
                0x000001af       0x22 C:/tools/arm-gnu-toolchain/bin/../lib/gcc/arm-none-eabi/15.2.1/thumb/v7e-m+fp/hard/crtn.o

.comment        0x00000000       0x45
 .comment       0x00000000       0x45 CMakeFiles/firmware.elf.dir/Src/main.c.obj
                                 0x46 (size before relaxing)
 .comment       0x00000045        0x0 CMakeFiles/firmware.elf.dir/Src/gpio.c.obj
                                 0x46 (size before relaxing)
 .comment       0x00000045        0x0 CMakeFiles/firmware.elf.dir/Src/systick.c.obj
                                 0x46 (size before relaxing)
 .comment       0x00000045        0x0 CMakeFiles/firmware.elf.dir/Src/uart.c.obj
                                 0x46 (size before relaxing)

.debug_info     0x00000000     0x11f9
 .debug_info    0x00000000      0x454 CMakeFiles/firmware.elf.dir/Src/main.c.obj
 .debug_info    0x00000454      0x260 CMakeFiles/firmware.elf.dir/Src/gpio.c.obj
 .debug_info    0x000006b4      0x181 CMakeFiles/firmware.elf.dir/Src/systick.c.obj
 .debug_info    0x00000835      0x994 CMakeFiles/firmware.elf.dir/Src/uart.c.obj
 .debug_info    0x000011c9       0x30 CMakeFiles/firmware.elf.dir/Drivers/CMSIS/Device/ST/STM32L4xx/Source/Templates/gcc/startup_stm32l476xx.s.obj

.debug_abbrev   0x00000000      0x620
 .debug_abbrev  0x00000000      0x170 CMakeFiles/firmware.elf.dir/Src/main.c.obj
 .debug_abbrev  0x00000170      0x14c CMakeFiles/firmware.elf.dir/Src/gpio.c.obj
 .debug_abbrev  0x000002bc      0x12d CMakeFiles/firmware.elf.dir/Src/systick.c.obj
 .debug_abbrev  0x000003e9      0x213 CMakeFiles/firmware.elf.dir/Src/uart.c.obj
 .debug_abbrev  0x000005fc       0x24 CMakeFiles/firmware.elf.dir/Drivers/CMSIS/Device/ST/STM32L4xx/Source/Templates/gcc/startup_stm32l476xx.s.obj

.debug_aranges  0x00000000      0x128
 .debug_aranges
                0x00000000       0x30 CMakeFiles/firmware.elf.dir/Src/main.c.obj
 .debug_aranges
                0x00000030       0x30 CMakeFiles/firmware.elf.dir/Src/gpio.c.obj
 .debug_aranges
                0x00000060       0x40 CMakeFiles/firmware.elf.dir/Src/systick.c.obj
 .debug_aranges
                0x000000a0       0x60 CMakeFiles/firmware.elf.dir/Src/uart.c.obj
 .debug_aranges
                0x00000100       0x28 CMakeFiles/firmware.elf.dir/Drivers/CMSIS/Device/ST/STM32L4xx/Source/Templates/gcc/startup_stm32l476xx.s.obj

.debug_rnglists
                0x00000000       0xd3
 .debug_rnglists
                0x00000000       0x1f CMakeFiles/firmware.elf.dir/Src/main.c.obj
 .debug_rnglists
                0x0000001f       0x1f CMakeFiles/firmware.elf.dir/Src/gpio.c.obj
 .debug_rnglists
                0x0000003e       0x2b CMakeFiles/firmware.elf.dir/Src/systick.c.obj
 .debug_rnglists
                0x00000069       0x51 CMakeFiles/firmware.elf.dir/Src/uart.c.obj
 .debug_rnglists
                0x000000ba       0x19 CMakeFiles/firmware.elf.dir/Drivers/CMSIS/Device/ST/STM32L4xx/Source/Templates/gcc/startup_stm32l476xx.s.obj

.debug_macro    0x00000000    0x1c6f8
 .debug_macro   0x00000000       0xe5 CMakeFiles/firmware.elf.dir/Src/main.c.obj
 .debug_macro   0x000000e5      0xade CMakeFiles/firmware.elf.dir/Src/main.c.obj
 .debug_macro   0x00000bc3       0x28 CMakeFiles/firmware.elf.dir/Src/main.c.obj
 .debug_macro   0x00000beb       0x22 CMakeFiles/firmware.elf.dir/Src/main.c.obj
 .debug_macro   0x00000c0d       0x8e CMakeFiles/firmware.elf.dir/Src/main.c.obj
 .debug_macro   0x00000c9b       0x51 CMakeFiles/firmware.elf.dir/Src/main.c.obj
 .debug_macro   0x00000cec      0x103 CMakeFiles/firmware.elf.dir/Src/main.c.obj
 .debug_macro   0x00000def       0x6a CMakeFiles/firmware.elf.dir/Src/main.c.obj
 .debug_macro   0x00000e59      0x1df CMakeFiles/firmware.elf.dir/Src/main.c.obj
 .debug_macro   0x00001038       0x1c CMakeFiles/firmware.elf.dir/Src/main.c.obj
 .debug_macro   0x00001054       0x22 CMakeFiles/firmware.elf.dir/Src/main.c.obj
 .debug_macro   0x00001076      0x107 CMakeFiles/firmware.elf.dir/Src/main.c.obj
 .debug_macro   0x0000117d     0x1057 CMakeFiles/firmware.elf.dir/Src/main.c.obj
 .debug_macro   0x000021d4      0x11f CMakeFiles/firmware.elf.dir/Src/main.c.obj
 .debug_macro   0x000022f3    0x1a17a CMakeFiles/firmware.elf.dir/Src/main.c.obj
 .debug_macro   0x0001c46d       0xd3 CMakeFiles/firmware.elf.dir/Src/gpio.c.obj
 .debug_macro   0x0001c540       0xc9 CMakeFiles/firmware.elf.dir/Src/systick.c.obj
 .debug_macro   0x0001c609       0xef CMakeFiles/firmware.elf.dir/Src/uart.c.obj

.debug_line     0x00000000      0xe8a
 .debug_line    0x00000000      0x333 CMakeFiles/firmware.elf.dir/Src/main.c.obj
 .debug_line    0x00000333      0x33b CMakeFiles/firmware.elf.dir/Src/gpio.c.obj
 .debug_line    0x0000066e      0x33a CMakeFiles/firmware.elf.dir/Src/systick.c.obj
 .debug_line    0x000009a8      0x468 CMakeFiles/firmware.elf.dir/Src/uart.c.obj
 .debug_line    0x00000e10       0x7a CMakeFiles/firmware.elf.dir/Drivers/CMSIS/Device/ST/STM32L4xx/Source/Templates/gcc/startup_stm32l476xx.s.obj

.debug_str      0x00000000    0x9ed13
 .debug_str     0x00000000    0x9ed13 CMakeFiles/firmware.elf.dir/Src/main.c.obj
                              0x9e848 (size before relaxing)
 .debug_str     0x0009ed13        0x0 CMakeFiles/firmware.elf.dir/Src/gpio.c.obj
                              0x9e687 (size before relaxing)
 .debug_str     0x0009ed13        0x0 CMakeFiles/firmware.elf.dir/Src/systick.c.obj
                              0x9e63d (size before relaxing)
 .debug_str     0x0009ed13        0x0 CMakeFiles/firmware.elf.dir/Src/uart.c.obj
                              0x9edea (size before relaxing)
 .debug_str     0x0009ed13        0x0 CMakeFiles/firmware.elf.dir/Drivers/CMSIS/Device/ST/STM32L4xx/Source/Templates/gcc/startup_stm32l476xx.s.obj
                                 0xa3 (size before relaxing)

.debug_frame    0x00000000      0x324
 .debug_frame   0x00000000       0x74 CMakeFiles/firmware.elf.dir/Src/main.c.obj
 .debug_frame   0x00000074       0x84 CMakeFiles/firmware.elf.dir/Src/gpio.c.obj
 .debug_frame   0x000000f8       0xc0 CMakeFiles/firmware.elf.dir/Src/systick.c.obj
 .debug_frame   0x000001b8      0x140 CMakeFiles/firmware.elf.dir/Src/uart.c.obj
 .debug_frame   0x000002f8       0x2c C:/tools/arm-gnu-toolchain/bin/../lib/gcc/arm-none-eabi/15.2.1/../../../../arm-none-eabi/lib/thumb/v7e-m+fp/hard\libg_nano.a(libc_a-init.o)

.debug_line_str
                0x00000000       0x87
 .debug_line_str
                0x00000000       0x87 CMakeFiles/firmware.elf.dir/Drivers/CMSIS/Device/ST/STM32L4xx/Source/Templates/gcc/startup_stm32l476xx.s.obj
